Component: ARM Compiler 5.06 update 5 (build 528) Tool: armlink [4d35e2]

==============================================================================

Section Cross References

    startup_stm32h723xx.o(STACK) refers (Special) to heapauxi.o(.text) for __use_two_region_memory
    startup_stm32h723xx.o(HEAP) refers (Special) to heapauxi.o(.text) for __use_two_region_memory
    startup_stm32h723xx.o(RESET) refers (Special) to heapauxi.o(.text) for __use_two_region_memory
    startup_stm32h723xx.o(RESET) refers to startup_stm32h723xx.o(STACK) for __initial_sp
    startup_stm32h723xx.o(RESET) refers to startup_stm32h723xx.o(.text) for Reset_Handler
    startup_stm32h723xx.o(RESET) refers to stm32h7xx_it.o(i.NMI_Handler) for NMI_Handler
    startup_stm32h723xx.o(RESET) refers to stm32h7xx_it.o(i.HardFault_Handler) for HardFault_Handler
    startup_stm32h723xx.o(RESET) refers to stm32h7xx_it.o(i.MemManage_Handler) for MemManage_Handler
    startup_stm32h723xx.o(RESET) refers to stm32h7xx_it.o(i.BusFault_Handler) for BusFault_Handler
    startup_stm32h723xx.o(RESET) refers to stm32h7xx_it.o(i.UsageFault_Handler) for UsageFault_Handler
    startup_stm32h723xx.o(RESET) refers to stm32h7xx_it.o(i.SVC_Handler) for SVC_Handler
    startup_stm32h723xx.o(RESET) refers to stm32h7xx_it.o(i.DebugMon_Handler) for DebugMon_Handler
    startup_stm32h723xx.o(RESET) refers to stm32h7xx_it.o(i.PendSV_Handler) for PendSV_Handler
    startup_stm32h723xx.o(RESET) refers to stm32h7xx_it.o(i.SysTick_Handler) for SysTick_Handler
    startup_stm32h723xx.o(RESET) refers to stm32h7xx_it.o(i.USART2_IRQHandler) for USART2_IRQHandler
    startup_stm32h723xx.o(RESET) refers to stm32h7xx_it.o(i.USART3_IRQHandler) for USART3_IRQHandler
    startup_stm32h723xx.o(RESET) refers to stm32h7xx_it.o(i.USART6_IRQHandler) for USART6_IRQHandler
    startup_stm32h723xx.o(.text) refers (Special) to heapauxi.o(.text) for __use_two_region_memory
    startup_stm32h723xx.o(.text) refers to system_stm32h7xx.o(i.SystemInit) for SystemInit
    startup_stm32h723xx.o(.text) refers to __main.o(!!!main) for __main
    startup_stm32h723xx.o(.text) refers to startup_stm32h723xx.o(HEAP) for Heap_Mem
    startup_stm32h723xx.o(.text) refers to startup_stm32h723xx.o(STACK) for Stack_Mem
    pwm.o(i.TIM15_PWM_SetCompare1) refers to tim.o(.bss) for htim15
    pwm.o(i.TIM15_PWM_SetCompare2) refers to tim.o(.bss) for htim15
    pwm.o(i.TIM15_PWM_Start) refers to stm32h7xx_hal_tim.o(i.HAL_TIM_PWM_Start) for HAL_TIM_PWM_Start
    pwm.o(i.TIM15_PWM_Start) refers to tim.o(.bss) for htim15
    servo.o(i.Servo_Compare) refers to pwm.o(i.TIM15_PWM_SetCompare1) for TIM15_PWM_SetCompare1
    servo.o(i.Servo_Compare) refers to pwm.o(i.TIM15_PWM_SetCompare2) for TIM15_PWM_SetCompare2
    servo.o(i.Servo_SetAngle) refers to pwm.o(i.TIM15_PWM_SetCompare1) for TIM15_PWM_SetCompare1
    servo.o(i.Servo_SetAngle) refers to pwm.o(i.TIM15_PWM_SetCompare2) for TIM15_PWM_SetCompare2
    servo.o(i.Servo_Start) refers to pwm.o(i.TIM15_PWM_Start) for TIM15_PWM_Start
    servo.o(i.Servo_turn_down) refers to pwm.o(i.TIM15_PWM_SetCompare2) for TIM15_PWM_SetCompare2
    servo.o(i.Servo_turn_left) refers to pwm.o(i.TIM15_PWM_SetCompare1) for TIM15_PWM_SetCompare1
    servo.o(i.Servo_turn_right) refers to pwm.o(i.TIM15_PWM_SetCompare1) for TIM15_PWM_SetCompare1
    servo.o(i.Servo_turn_up) refers to pwm.o(i.TIM15_PWM_SetCompare2) for TIM15_PWM_SetCompare2
    pump.o(i.Pump_ON) refers to stm32h7xx_hal_gpio.o(i.HAL_GPIO_WritePin) for HAL_GPIO_WritePin
    pump.o(i.Pump_Off) refers to stm32h7xx_hal_gpio.o(i.HAL_GPIO_WritePin) for HAL_GPIO_WritePin
    pid.o(i.PID_1D) refers to pump.o(i.Pump_ON) for Pump_ON
    pid.o(i.PID_1D) refers to pwm.o(i.TIM15_PWM_SetCompare1) for TIM15_PWM_SetCompare1
    pid.o(i.PID_1D) refers to pid.o(.data) for .data
    pid.o(i.PID_2D) refers to pwm.o(i.TIM15_PWM_SetCompare2) for TIM15_PWM_SetCompare2
    pid.o(i.PID_2D) refers to pid.o(.data) for .data
    dht11.o(i.DHT_GPIO_SET_INPUT) refers to stm32h7xx_hal_gpio.o(i.HAL_GPIO_Init) for HAL_GPIO_Init
    dht11.o(i.DHT_GPIO_SET_OUTPUT) refers to stm32h7xx_hal_gpio.o(i.HAL_GPIO_Init) for HAL_GPIO_Init
    dht11.o(i.DHT_Read) refers to dht11.o(i.DHT_GPIO_SET_OUTPUT) for DHT_GPIO_SET_OUTPUT
    dht11.o(i.DHT_Read) refers to stm32h7xx_hal_gpio.o(i.HAL_GPIO_WritePin) for HAL_GPIO_WritePin
    dht11.o(i.DHT_Read) refers to stm32h7xx_hal.o(i.HAL_Delay) for HAL_Delay
    dht11.o(i.DHT_Read) refers to dht11.o(i.Delay_us) for Delay_us
    dht11.o(i.DHT_Read) refers to dht11.o(i.DHT_GPIO_SET_INPUT) for DHT_GPIO_SET_INPUT
    dht11.o(i.DHT_Read) refers to stm32h7xx_hal_gpio.o(i.HAL_GPIO_ReadPin) for HAL_GPIO_ReadPin
    dht11.o(i.DHT_Read) refers to dht11.o(i.DHT_Read_Byte) for DHT_Read_Byte
    dht11.o(i.DHT_Read) refers to dht11.o(.data) for .data
    dht11.o(i.DHT_Read_Byte) refers to dht11.o(i.Delay_us) for Delay_us
    dht11.o(i.DHT_Read_Byte) refers to stm32h7xx_hal_gpio.o(i.HAL_GPIO_ReadPin) for HAL_GPIO_ReadPin
[...]
    i.HAL_RCCEx_GetD3PCLK1Freq               0x080016b8   Section        0  stm32h7xx_hal_rcc_ex.o(i.HAL_RCCEx_GetD3PCLK1Freq)
    i.HAL_RCCEx_GetPLL2ClockFreq             0x080016dc   Section        0  stm32h7xx_hal_rcc_ex.o(i.HAL_RCCEx_GetPLL2ClockFreq)
    i.HAL_RCCEx_GetPLL3ClockFreq             0x08001820   Section        0  stm32h7xx_hal_rcc_ex.o(i.HAL_RCCEx_GetPLL3ClockFreq)
    i.HAL_RCCEx_PeriphCLKConfig              0x08001964   Section        0  stm32h7xx_hal_rcc_ex.o(i.HAL_RCCEx_PeriphCLKConfig)
    i.HAL_RCC_ClockConfig                    0x080022a0   Section        0  stm32h7xx_hal_rcc.o(i.HAL_RCC_ClockConfig)
    i.HAL_RCC_GetHCLKFreq                    0x080024fc   Section        0  stm32h7xx_hal_rcc.o(i.HAL_RCC_GetHCLKFreq)
    i.HAL_RCC_GetPCLK1Freq                   0x08002540   Section        0  stm32h7xx_hal_rcc.o(i.HAL_RCC_GetPCLK1Freq)
    i.HAL_RCC_GetPCLK2Freq                   0x08002564   Section        0  stm32h7xx_hal_rcc.o(i.HAL_RCC_GetPCLK2Freq)
    i.HAL_RCC_GetSysClockFreq                0x08002588   Section        0  stm32h7xx_hal_rcc.o(i.HAL_RCC_GetSysClockFreq)
    i.HAL_RCC_OscConfig                      0x080026c0   Section        0  stm32h7xx_hal_rcc.o(i.HAL_RCC_OscConfig)
    i.HAL_SYSTICK_Config                     0x08002be6   Section        0  stm32h7xx_hal_cortex.o(i.HAL_SYSTICK_Config)
    i.HAL_TIMEx_ConfigBreakDeadTime          0x08002c0c   Section        0  stm32h7xx_hal_tim_ex.o(i.HAL_TIMEx_ConfigBreakDeadTime)
    i.HAL_TIMEx_MasterConfigSynchronization  0x08002cac   Section        0  stm32h7xx_hal_tim_ex.o(i.HAL_TIMEx_MasterConfigSynchronization)
    i.HAL_TIM_Base_Init                      0x08002d64   Section        0  stm32h7xx_hal_tim.o(i.HAL_TIM_Base_Init)
    i.HAL_TIM_Base_MspInit                   0x08002dc8   Section        0  tim.o(i.HAL_TIM_Base_MspInit)
    i.HAL_TIM_Base_Start                     0x08002e08   Section        0  stm32h7xx_hal_tim.o(i.HAL_TIM_Base_Start)
    i.HAL_TIM_Base_Stop                      0x08002e9c   Section        0  stm32h7xx_hal_tim.o(i.HAL_TIM_Base_Stop)
    i.HAL_TIM_ConfigClockSource              0x08002ec4   Section        0  stm32h7xx_hal_tim.o(i.HAL_TIM_ConfigClockSource)
    i.HAL_TIM_MspPostInit                    0x08002fc0   Section        0  tim.o(i.HAL_TIM_MspPostInit)
    i.HAL_TIM_PWM_ConfigChannel              0x08003014   Section        0  stm32h7xx_hal_tim.o(i.HAL_TIM_PWM_ConfigChannel)
    i.HAL_TIM_PWM_Init                       0x08003138   Section        0  stm32h7xx_hal_tim.o(i.HAL_TIM_PWM_Init)
    i.HAL_TIM_PWM_MspInit                    0x0800319a   Section        0  stm32h7xx_hal_tim.o(i.HAL_TIM_PWM_MspInit)
    i.HAL_TIM_PWM_Start                      0x0800319c   Section        0  stm32h7xx_hal_tim.o(i.HAL_TIM_PWM_Start)
    i.HAL_UARTEx_DisableFifoMode             0x080032c0   Section        0  stm32h7xx_hal_uart_ex.o(i.HAL_UARTEx_DisableFifoMode)
    i.HAL_UARTEx_RxEventCallback             0x08003300   Section        0  stm32h7xx_hal_uart.o(i.HAL_UARTEx_RxEventCallback)
    i.HAL_UARTEx_RxFifoFullCallback          0x08003302   Section        0  stm32h7xx_hal_uart_ex.o(i.HAL_UARTEx_RxFifoFullCallback)
    i.HAL_UARTEx_SetRxFifoThreshold          0x08003304   Section        0  stm32h7xx_hal_uart_ex.o(i.HAL_UARTEx_SetRxFifoThreshold)
    i.HAL_UARTEx_SetTxFifoThreshold          0x08003350   Section        0  stm32h7xx_hal_uart_ex.o(i.HAL_UARTEx_SetTxFifoThreshold)
    i.HAL_UARTEx_TxFifoEmptyCallback         0x0800339c   Section        0  stm32h7xx_hal_uart_ex.o(i.HAL_UARTEx_TxFifoEmptyCallback)
    i.HAL_UARTEx_WakeupCallback              0x0800339e   Section        0  stm32h7xx_hal_uart_ex.o(i.HAL_UARTEx_WakeupCallback)
    i.HAL_UART_ErrorCallback                 0x080033a0   Section        0  stm32h7xx_hal_uart.o(i.HAL_UART_ErrorCallback)
    i.HAL_UART_IRQHandler                    0x080033a4   Section        0  stm32h7xx_hal_uart.o(i.HAL_UART_IRQHandler)
    i.HAL_UART_Init                          0x0800372c   Section        0  stm32h7xx_hal_uart.o(i.HAL_UART_Init)
    i.HAL_UART_MspInit                       0x08003798   Section        0  usart.o(i.HAL_UART_MspInit)
    i.HAL_UART_Receive                       0x0800397c   Section        0  stm32h7xx_hal_uart.o(i.HAL_UART_Receive)
    i.HAL_UART_Receive_IT                    0x08003a64   Section        0  stm32h7xx_hal_uart.o(i.HAL_UART_Receive_IT)
    i.HAL_UART_RxCpltCallback                0x08003aac   Section        0  main.o(i.HAL_UART_RxCpltCallback)
    i.HAL_UART_Transmit                      0x08003b60   Section        0  stm32h7xx_hal_uart.o(i.HAL_UART_Transmit)
    i.HAL_UART_TxCpltCallback                0x08003c10   Section        0  stm32h7xx_hal_uart.o(i.HAL_UART_TxCpltCallback)
    i.HardFault_Handler                      0x08003c12   Section        0  stm32h7xx_it.o(i.HardFault_Handler)
    i.MQTT_Init                              0x08003c14   Section        0  mqtt.o(i.MQTT_Init)
    i.MQTT_update                            0x08003c9c   Section        0  mqtt.o(i.MQTT_update)
    i.MX_GPIO_Init                           0x08003ca0   Section        0  gpio.o(i.MX_GPIO_Init)
    i.MX_TIM15_Init                          0x08003d60   Section        0  tim.o(i.MX_TIM15_Init)
    i.MX_TIM1_Init                           0x08003e40   Section        0  tim.o(i.MX_TIM1_Init)
    i.MX_USART1_UART_Init                    0x08003eac   Section        0  usart.o(i.MX_USART1_UART_Init)
    i.MX_USART2_UART_Init                    0x08003f14   Section        0  usart.o(i.MX_USART2_UART_Init)
    i.MX_USART3_UART_Init                    0x08003f7c   Section        0  usart.o(i.MX_USART3_UART_Init)
    i.MX_USART6_UART_Init                    0x08003fe4   Section        0  usart.o(i.MX_USART6_UART_Init)
    i.MemManage_Handler                      0x0800404c   Section        0  stm32h7xx_it.o(i.MemManage_Handler)
    i.NMI_Handler                            0x0800404e   Section        0  stm32h7xx_it.o(i.NMI_Handler)
    i.PID_1D                                 0x08004050   Section        0  pid.o(i.PID_1D)
    i.PID_2D                                 0x080040c0   Section        0  pid.o(i.PID_2D)
    i.PendSV_Handler                         0x08004120   Section        0  stm32h7xx_it.o(i.PendSV_Handler)
    i.Pump_ON                                0x08004124   Section        0  pump.o(i.Pump_ON)
    i.Pump_Off                               0x08004134   Section        0  pump.o(i.Pump_Off)
    i.RCCEx_PLL2_Config                      0x08004144   Section        0  stm32h7xx_hal_rcc_ex.o(i.RCCEx_PLL2_Config)
    RCCEx_PLL2_Config                        0x08004145   Thumb Code   284  stm32h7xx_hal_rcc_ex.o(i.RCCEx_PLL2_Config)
    i.RCCEx_PLL3_Config                      0x08004264   Section        0  stm32h7xx_hal_rcc_ex.o(i.RCCEx_PLL3_Config)
    RCCEx_PLL3_Config                        0x08004265   Thumb Code   284  stm32h7xx_hal_rcc_ex.o(i.RCCEx_PLL3_Config)
    i.SVC_Handler                            0x08004384   Section        0  stm32h7xx_it.o(i.SVC_Handler)
    i.Servo_Compare                          0x08004386   Section        0  servo.o(i.Servo_Compare)
    i.Servo_Start                            0x08004398   Section        0  servo.o(i.Servo_Start)
    i.Servo_turn_down                        0x0800439c   Section        0  servo.o(i.Servo_turn_down)
    i.Servo_turn_left                        0x080043b0   Section        0  servo.o(i.Servo_turn_left)
    i.Servo_turn_right                       0x080043c2   Section        0  servo.o(i.Servo_turn_right)
    i.Servo_turn_up                          0x080043d4   Section        0  servo.o(i.Servo_turn_up)
    i.SysTick_Handler                        0x080043e8   Section        0  stm32h7xx_it.o(i.SysTick_Handler)
    i.SystemClock_Config                     0x080043ec   Section        0  main.o(i.SystemClock_Config)
    i.SystemInit                             0x08004484   Section        0  system_stm32h7xx.o(i.SystemInit)
    i.TIM15_PWM_SetCompare1                  0x08004544   Section        0  pwm.o(i.TIM15_PWM_SetCompare1)
    i.TIM15_PWM_SetCompare2                  0x08004550   Section        0  pwm.o(i.TIM15_PWM_SetCompare2)
    i.TIM15_PWM_Start                        0x0800455c   Section        0  pwm.o(i.TIM15_PWM_Start)
    i.TIM_Base_SetConfig                     0x08004578   Section        0  stm32h7xx_hal_tim.o(i.TIM_Base_SetConfig)
    i.TIM_CCxChannelCmd                      0x0800465c   Section        0  stm32h7xx_hal_tim.o(i.TIM_CCxChannelCmd)
    i.TIM_ETR_SetConfig                      0x08004676   Section        0  stm32h7xx_hal_tim.o(i.TIM_ETR_SetConfig)
    i.TIM_ITRx_SetConfig                     0x08004688   Section        0  stm32h7xx_hal_tim.o(i.TIM_ITRx_SetConfig)
    TIM_ITRx_SetConfig                       0x08004689   Thumb Code    16  stm32h7xx_hal_tim.o(i.TIM_ITRx_SetConfig)
    i.TIM_OC1_SetConfig                      0x0800469c   Section        0  stm32h7xx_hal_tim.o(i.TIM_OC1_SetConfig)
    TIM_OC1_SetConfig                        0x0800469d   Thumb Code   140  stm32h7xx_hal_tim.o(i.TIM_OC1_SetConfig)
    i.TIM_OC2_SetConfig                      0x08004740   Section        0  stm32h7xx_hal_tim.o(i.TIM_OC2_SetConfig)
    i.TIM_OC3_SetConfig                      0x080047d8   Section        0  stm32h7xx_hal_tim.o(i.TIM_OC3_SetConfig)
    TIM_OC3_SetConfig                        0x080047d9   Thumb Code   126  stm32h7xx_hal_tim.o(i.TIM_OC3_SetConfig)
    i.TIM_OC4_SetConfig                      0x08004870   Section        0  stm32h7xx_hal_tim.o(i.TIM_OC4_SetConfig)
    TIM_OC4_SetConfig                        0x08004871   Thumb Code    96  stm32h7xx_hal_tim.o(i.TIM_OC4_SetConfig)
    i.TIM_OC5_SetConfig                      0x080048e8   Section        0  stm32h7xx_hal_tim.o(i.TIM_OC5_SetConfig)
    TIM_OC5_SetConfig                        0x080048e9   Thumb Code    90  stm32h7xx_hal_tim.o(i.TIM_OC5_SetConfig)
    i.TIM_OC6_SetConfig                      0x0800495c   Section        0  stm32h7xx_hal_tim.o(i.TIM_OC6_SetConfig)
    TIM_OC6_SetConfig                        0x0800495d   Thumb Code    90  stm32h7xx_hal_tim.o(i.TIM_OC6_SetConfig)
    i.TIM_TI1_ConfigInputStage               0x080049d0   Section        0  stm32h7xx_hal_tim.o(i.TIM_TI1_ConfigInputStage)
    TIM_TI1_ConfigInputStage                 0x080049d1   Thumb Code    34  stm32h7xx_hal_tim.o(i.TIM_TI1_ConfigInputStage)
    i.TIM_TI2_ConfigInputStage               0x080049f2   Section        0  stm32h7xx_hal_tim.o(i.TIM_TI2_ConfigInputStage)
    TIM_TI2_ConfigInputStage                 0x080049f3   Thumb Code    36  stm32h7xx_hal_tim.o(i.TIM_TI2_ConfigInputStage)
    i.UARTEx_SetNbDataToProcess              0x08004a18   Section        0  stm32h7xx_hal_uart_ex.o(i.UARTEx_SetNbDataToProcess)
    UARTEx_SetNbDataToProcess                0x08004a19   Thumb Code    62  stm32h7xx_hal_uart_ex.o(i.UARTEx_SetNbDataToProcess)
    i.UART_AdvFeatureConfig                  0x08004a5c   Section        0  stm32h7xx_hal_uart.o(i.UART_AdvFeatureConfig)
    i.UART_CheckIdleState                    0x08004b24   Section        0  stm32h7xx_hal_uart.o(i.UART_CheckIdleState)
    i.UART_DMAAbortOnError                   0x08004bce   Section        0  stm32h7xx_hal_uart.o(i.UART_DMAAbortOnError)
    UART_DMAAbortOnError                     0x08004bcf   Thumb Code    20  stm32h7xx_hal_uart.o(i.UART_DMAAbortOnError)
    i.UART_EndRxTransfer                     0x08004be4   Section        0  stm32h7xx_hal_uart.o(i.UART_EndRxTransfer)
    UART_EndRxTransfer                       0x08004be5   Thumb Code    78  stm32h7xx_hal_uart.o(i.UART_EndRxTransfer)
    i.UART_RxISR_16BIT                       0x08004c38   Section        0  stm32h7xx_hal_uart.o(i.UART_RxISR_16BIT)
    UART_RxISR_16BIT                         0x08004c39   Thumb Code   196  stm32h7xx_hal_uart.o(i.UART_RxISR_16BIT)
    i.UART_RxISR_16BIT_FIFOEN                0x08004d00   Section        0  stm32h7xx_hal_uart.o(i.UART_RxISR_16BIT_FIFOEN)
    UART_RxISR_16BIT_FIFOEN                  0x08004d01   Thumb Code   404  stm32h7xx_hal_uart.o(i.UART_RxISR_16BIT_FIFOEN)
    i.UART_RxISR_8BIT                        0x08004ea0   Section        0  stm32h7xx_hal_uart.o(i.UART_RxISR_8BIT)
    UART_RxISR_8BIT                          0x08004ea1   Thumb Code   196  stm32h7xx_hal_uart.o(i.UART_RxISR_8BIT)
    i.UART_RxISR_8BIT_FIFOEN                 0x08004f68   Section        0  stm32h7xx_hal_uart.o(i.UART_RxISR_8BIT_FIFOEN)
    UART_RxISR_8BIT_FIFOEN                   0x08004f69   Thumb Code   404  stm32h7xx_hal_uart.o(i.UART_RxISR_8BIT_FIFOEN)
    i.UART_SetConfig                         0x08005108   Section        0  stm32h7xx_hal_uart.o(i.UART_SetConfig)
    i.UART_Start_Receive_IT                  0x080054e4   Section        0  stm32h7xx_hal_uart.o(i.UART_Start_Receive_IT)
    i.UART_WaitOnFlagUntilTimeout            0x080055f4   Section        0  stm32h7xx_hal_uart.o(i.UART_WaitOnFlagUntilTimeout)
    i.USART2_IRQHandler                      0x08005688   Section        0  stm32h7xx_it.o(i.USART2_IRQHandler)
    i.USART3_IRQHandler                      0x08005694   Section        0  stm32h7xx_it.o(i.USART3_IRQHandler)
    i.USART6_IRQHandler                      0x080056a0   Section        0  stm32h7xx_it.o(i.USART6_IRQHandler)
    i.UsageFault_Handler                     0x080056ac   Section        0  stm32h7xx_it.o(i.UsageFault_Handler)
    i.__NVIC_SetPriority                     0x080056ae   Section        0  stm32h7xx_hal_cortex.o(i.__NVIC_SetPriority)
    __NVIC_SetPriority                       0x080056af   Thumb Code    34  stm32h7xx_hal_cortex.o(i.__NVIC_SetPriority)
    i.main                                   0x080056d0   Section        0  main.o(i.main)
    i.sendATCommand                          0x080059e4   Section        0  mqtt.o(i.sendATCommand)
    x$fpl$fpinit                             0x08005a70   Section       10  fpinit.o(x$fpl$fpinit)
    $v0                                      0x08005a70   Number         0  fpinit.o(x$fpl$fpinit)
    .constdata                               0x08005a7a   Section       24  stm32h7xx_hal_uart.o(.constdata)
    .constdata                               0x08005a92   Section       16  stm32h7xx_hal_uart_ex.o(.constdata)
    numerator                                0x08005a92   Data           8  stm32h7xx_hal_uart_ex.o(.constdata)
    denominator                              0x08005a9a   Data           8  stm32h7xx_hal_uart_ex.o(.constdata)
    .constdata                               0x08005aa2   Section       16  system_stm32h7xx.o(.constdata)
    .data                                    0x24000000   Section        4  pid.o(.data)
    last_err1                                0x24000000   Data           2  pid.o(.data)
    last_err2                                0x24000002   Data           2  pid.o(.data)
    .data                                    0x24000004   Section        5  dht11.o(.data)
    .data                                    0x2400000a   Section       94  main.o(.data)
    flame_x                                  0x2400000f   Data           1  main.o(.data)
    flame_y                                  0x24000010   Data           1  main.o(.data)
    .data                                    0x24000068   Section       12  stm32h7xx_hal.o(.data)
    .data                                    0x24000074   Section        8  system_stm32h7xx.o(.data)
    .bss                                     0x2400007c   Section      194  mqtt.o(.bss)
    .bss                                     0x2400013e   Section        9  main.o(.bss)
    .bss                                     0x24000148   Section      152  tim.o(.bss)
    .bss                                     0x240001e0   Section      592  usart.o(.bss)
    .bss                                     0x24000430   Section       96  libspace.o(.bss)
    HEAP                                     0x24000490   Section      512  startup_stm32h723xx.o(HEAP)
    Heap_Mem                                 0x24000490   Data         512  startup_stm32h723xx.o(HEAP)
    STACK                                    0x24000690   Section     1024  startup_stm32h723xx.o(STACK)
    Stack_Mem                                0x24000690   Data        1024  startup_stm32h723xx.o(STACK)
    __initial_sp                             0x24000a90   Data           0  startup_stm32h723xx.o(STACK)

    Global Symbols

    Symbol Name                              Value     Ov Type        Size  Object(Section)

    BuildAttributes$$THM_ISAv4$E$P$D$K$B$S$7EM$VFPv5_D16$PE$PLD8$A:L22UL41UL21$X:L11$S22US41US21$IEEE1$IW$USESV6$~STKCKD$USESV7$~SHL$OSPACE$ROPI$EBA8$UX$STANDARDLIB$REQ8$PRES8$EABIv2 0x00000000   Number         0  anon$$obj.o ABSOLUTE
    __ARM_use_no_argv                        0x00000000   Number         0  main.o ABSOLUTE
    __ARM_exceptions_init                     - Undefined Weak Reference
    __alloca_initialize                       - Undefined Weak Reference
    __arm_preinit_                            - Undefined Weak Reference
    __cpp_initialize__aeabi_                  - Undefined Weak Reference
    __cxa_finalize                            - Undefined Weak Reference
    __rt_locale                               - Undefined Weak Reference
    __sigvec_lookup                           - Undefined Weak Reference
    _atexit_init                              - Undefined Weak Reference
    _call_atexit_fns                          - Undefined Weak Reference
    _clock_init                               - Undefined Weak Reference
    _fp_trap_init                             - Undefined Weak Reference
    _fp_trap_shutdown                         - Undefined Weak Reference
    _get_lc_collate                           - Undefined Weak Reference
    _get_lc_ctype                             - Undefined Weak Reference
    _get_lc_monetary                          - Undefined Weak Reference
    _get_lc_numeric                           - Undefined Weak Reference
    _get_lc_time                              - Undefined Weak Reference
    _getenv_init                              - Undefined Weak Reference
    _handle_redirection                       - Undefined Weak Reference
    _init_alloc                               - Undefined Weak Reference
    _init_user_alloc                          - Undefined Weak Reference
    _initio                                   - Undefined Weak Reference
    _printf_mbtowc                            - Undefined Weak Reference
    _printf_post_padding                      - Undefined Weak Reference
    _printf_pre_padding                       - Undefined Weak Reference
    _printf_truncate_signed                   - Undefined Weak Reference
    _printf_truncate_unsigned                 - Undefined Weak Reference
    _rand_init                                - Undefined Weak Reference
    _signal_finish                            - Undefined Weak Reference
    _signal_init                              - Undefined Weak Reference
    _terminate_alloc                          - Undefined Weak Reference
    _terminate_user_alloc                     - Undefined Weak Reference
    _terminateio                              - Undefined Weak Reference
    __Vectors_Size                           0x000002cc   Number         0  startup_stm32h723xx.o ABSOLUTE
    __Vectors                                0x08000000   Data           4  startup_stm32h723xx.o(RESET)
    __Vectors_End                            0x080002cc   Data           0  startup_stm32h723xx.o(RESET)
    __main                                   0x080002cd   Thumb Code     8  __main.o(!!!main)
    __scatterload                            0x080002d5   Thumb Code     0  __scatter.o(!!!scatter)
    __scatterload_rt2                        0x080002d5   Thumb Code    44  __scatter.o(!!!scatter)
    __scatterload_rt2_thumb_only             0x080002d5   Thumb Code     0  __scatter.o(!!!scatter)
    __scatterload_null                       0x080002e3   Thumb Code     0  __scatter.o(!!!scatter)
    __scatterload_copy                       0x08000309   Thumb Code    26  __scatter_copy.o(!!handler_copy)
    __scatterload_zeroinit                   0x08000325   Thumb Code    28  __scatter_zi.o(!!handler_zi)
    _printf_d                                0x08000341   Thumb Code     0  _printf_d.o(.ARM.Collect$$_printf_percent$$00000009)
    _printf_percent                          0x08000341   Thumb Code     0  _printf_percent.o(.ARM.Collect$$_printf_percent$$00000000)
    _printf_c                                0x08000347   Thumb Code     0  _printf_c.o(.ARM.Collect$$_printf_percent$$00000013)
    _printf_s                                0x0800034d   Thumb Code     0  _printf_s.o(.ARM.Collect$$_printf_percent$$00000014)
    _printf_percent_end                      0x08000353   Thumb Code     0  _printf_percent_end.o(.ARM.Collect$$_printf_percent$$00000017)
    __rt_lib_init                            0x08000357   Thumb Code     0  libinit.o(.ARM.Collect$$libinit$$00000000)
    __rt_lib_init_fp_1                       0x08000359   Thumb Code     0  libinit2.o(.ARM.Collect$$libinit$$00000001)
    __rt_lib_init_alloca_1                   0x0800035d   Thumb Code     0  libinit2.o(.ARM.Collect$$libinit$$0000002E)
    __rt_lib_init_argv_1                     0x0800035d   Thumb Code     0  libinit2.o(.ARM.Collect$$libinit$$0000002C)
    __rt_lib_init_atexit_1                   0x0800035d   Thumb Code     0  libinit2.o(.ARM.Collect$$libinit$$0000001B)
    __rt_lib_init_clock_1                    0x0800035d   Thumb Code     0  libinit2.o(.ARM.Collect$$libinit$$00000021)
    __rt_lib_init_cpp_1                      0x0800035d   Thumb Code     0  libinit2.o(.ARM.Collect$$libinit$$00000032)
    __rt_lib_init_exceptions_1               0x0800035d   Thumb Code     0  libinit2.o(.ARM.Collect$$libinit$$00000030)
    __rt_lib_init_fp_trap_1                  0x0800035d   Thumb Code     0  libinit2.o(.ARM.Collect$$libinit$$0000001F)
    __rt_lib_init_getenv_1                   0x0800035d   Thumb Code     0  libinit2.o(.ARM.Collect$$libinit$$00000023)
    __rt_lib_init_heap_1                     0x0800035d   Thumb Code     0  libinit2.o(.ARM.Collect$$libinit$$0000000A)
    __rt_lib_init_lc_collate_1               0x0800035d   Thumb Code     0  libinit2.o(.ARM.Collect$$libinit$$00000011)
    __rt_lib_init_lc_ctype_1                 0x0800035d   Thumb Code     0  libinit2.o(.ARM.Collect$$libinit$$00000013)
    __rt_lib_init_lc_monetary_1              0x0800035d   Thumb Code     0  libinit2.o(.ARM.Collect$$libinit$$00000015)
    __rt_lib_init_lc_numeric_1               0x0800035d   Thumb Code     0  libinit2.o(.ARM.Collect$$libinit$$00000017)
    __rt_lib_init_lc_time_1                  0x0800035d   Thumb Code     0  libinit2.o(.ARM.Collect$$libinit$$00000019)
    __rt_lib_init_preinit_1                  0x0800035d   Thumb Code     0  libinit2.o(.ARM.Collect$$libinit$$00000004)
    __rt_lib_init_rand_1                     0x0800035d   Thumb Code     0  libinit2.o(.ARM.Collect$$libinit$$0000000E)
    __rt_lib_init_return                     0x0800035d   Thumb Code     0  libinit2.o(.ARM.Collect$$libinit$$00000033)
    __rt_lib_init_signal_1                   0x0800035d   Thumb Code     0  libinit2.o(.ARM.Collect$$libinit$$0000001D)
    __rt_lib_init_stdio_1                    0x0800035d   Thumb Code     0  libinit2.o(.ARM.Collect$$libinit$$00000025)
    __rt_lib_init_user_alloc_1               0x0800035d   Thumb Code     0  libinit2.o(.ARM.Collect$$libinit$$0000000C)
    __rt_lib_shutdown                        0x0800035f   Thumb Code     0  libshutdown.o(.ARM.Collect$$libshutdown$$00000000)
    __rt_lib_shutdown_cpp_1                  0x08000361   Thumb Code     0  libshutdown2.o(.ARM.Collect$$libshutdown$$00000002)
    __rt_lib_shutdown_fp_trap_1              0x08000361   Thumb Code     0  libshutdown2.o(.ARM.Collect$$libshutdown$$00000007)
    __rt_lib_shutdown_heap_1                 0x08000361   Thumb Code     0  libshutdown2.o(.ARM.Collect$$libshutdown$$0000000F)
    __rt_lib_shutdown_return                 0x08000361   Thumb Code     0  libshutdown2.o(.ARM.Collect$$libshutdown$$00000010)
    __rt_lib_shutdown_signal_1               0x08000361   Thumb Code     0  libshutdown2.o(.ARM.Collect$$libshutdown$$0000000A)
    __rt_lib_shutdown_stdio_1                0x08000361   Thumb Code     0  libshutdown2.o(.ARM.Collect$$libshutdown$$00000004)
    __rt_lib_shutdown_user_alloc_1           0x08000361   Thumb Code     0  libshutdown2.o(.ARM.Collect$$libshutdown$$0000000C)
    __rt_entry                               0x08000363   Thumb Code     0  __rtentry.o(.ARM.Collect$$rtentry$$00000000)
    __rt_entry_presh_1                       0x08000363   Thumb Code     0  __rtentry2.o(.ARM.Collect$$rtentry$$00000002)
    __rt_entry_sh                            0x08000363   Thumb Code     0  __rtentry4.o(.ARM.Collect$$rtentry$$00000004)
    __rt_entry_li                            0x08000369   Thumb Code     0  __rtentry2.o(.ARM.Collect$$rtentry$$0000000A)
    __rt_entry_postsh_1                      0x08000369   Thumb Code     0  __rtentry2.o(.ARM.Collect$$rtentry$$00000009)
    __rt_entry_main                          0x0800036d   Thumb Code     0  __rtentry2.o(.ARM.Collect$$rtentry$$0000000D)
    __rt_entry_postli_1                      0x0800036d   Thumb Code     0  __rtentry2.o(.ARM.Collect$$rtentry$$0000000C)
    __rt_exit                                0x08000375   Thumb Code     0  rtexit.o(.ARM.Collect$$rtexit$$00000000)
    __rt_exit_ls                             0x08000377   Thumb Code     0  rtexit2.o(.ARM.Collect$$rtexit$$00000003)
    __rt_exit_prels_1                        0x08000377   Thumb Code     0  rtexit2.o(.ARM.Collect$$rtexit$$00000002)
    __rt_exit_exit                           0x0800037b   Thumb Code     0  rtexit2.o(.ARM.Collect$$rtexit$$00000004)
    Reset_Handler                            0x08000381   Thumb Code     8  startup_stm32h723xx.o(.text)
    ADC3_IRQHandler                          0x0800039b   Thumb Code     0  startup_stm32h723xx.o(.text)
    ADC_IRQHandler                           0x0800039b   Thumb Code     0  startup_stm32h723xx.o(.text)
    BDMA_Channel0_IRQHandler                 0x0800039b   Thumb Code     0  startup_stm32h723xx.o(.text)
    BDMA_Channel1_IRQHandler                 0x0800039b   Thumb Code     0  startup_stm32h723xx.o(.text)
    BDMA_Channel2_IRQHandler                 0x0800039b   Thumb Code     0  startup_stm32h723xx.o(.text)
    BDMA_Channel3_IRQHandler                 0x0800039b   Thumb Code     0  startup_stm32h723xx.o(.text)
    BDMA_Channel4_IRQHandler                 0x0800039b   Thumb Code     0  startup_stm32h723xx.o(.text)
    BDMA_Channel5_IRQHandler                 0x0800039b   Thumb Code     0  startup_stm32h723xx.o(.text)
    BDMA_Channel6_IRQHandler                 0x0800039b   Thumb Code     0  startup_stm32h723xx.o(.text)
    BDMA_Channel7_IRQHandler                 0x0800039b   Thumb Code     0  startup_stm32h723xx.o(.text)
    CEC_IRQHandler                           0x0800039b   Thumb Code     0  startup_stm32h723xx.o(.text)
    COMP1_IRQHandler                         0x0800039b   Thumb Code     0  startup_stm32h723xx.o(.text)
    CORDIC_IRQHandler                        0x0800039b   Thumb Code     0  startup_stm32h723xx.o(.text)
    CRS_IRQHandler                           0x0800039b   Thumb Code     0  startup_stm32h723xx.o(.text)
    DCMI_PSSI_IRQHandler                     0x0800039b   Thumb Code     0  startup_stm32h723xx.o(.text)
    DFSDM1_FLT0_IRQHandler                   0x0800039b   Thumb Code     0  startup_stm32h723xx.o(.text)
    DFSDM1_FLT1_IRQHandler                   0x0800039b   Thumb Code     0  startup_stm32h723xx.o(.text)
    DFSDM1_FLT2_IRQHandler                   0x0800039b   Thumb Code     0  startup_stm32h723xx.o(.text)
    DFSDM1_FLT3_IRQHandler                   0x0800039b   Thumb Code     0  startup_stm32h723xx.o(.text)
    DMA1_Stream0_IRQHandler                  0x0800039b   Thumb Code     0  startup_stm32h723xx.o(.text)
    DMA1_Stream1_IRQHandler                  0x0800039b   Thumb Code     0  startup_stm32h723xx.o(.text)
    DMA1_Stream2_IRQHandler                  0x0800039b   Thumb Code     0  startup_stm32h723xx.o(.text)
    DMA1_Stream3_IRQHandler                  0x0800039b   Thumb Code     0  startup_stm32h723xx.o(.text)
    DMA1_Stream4_IRQHandler                  0x0800039b   Thumb Code     0  startup_stm32h723xx.o(.text)
    DMA1_Stream5_IRQHandler                  0x0800039b   Thumb Code     0  startup_stm32h723xx.o(.text)
    DMA1_Stream6_IRQHandler                  0x0800039b   Thumb Code     0  startup_stm32h723xx.o(.text)
    DMA1_Stream7_IRQHandler                  0x0800039b   Thumb Code     0  startup_stm32h723xx.o(.text)
    DMA2D_IRQHandler                         0x0800039b   Thumb Code     0  startup_stm32h723xx.o(.text)
    DMA2_Stream0_IRQHandler                  0x0800039b   Thumb Code     0  startup_stm32h723xx.o(.text)
    DMA2_Stream1_IRQHandler                  0x0800039b   Thumb Code     0  startup_stm32h723xx.o(.text)
    DMA2_Stream2_IRQHandler                  0x0800039b   Thumb Code     0  startup_stm32h723xx.o(.text)
    DMA2_Stream3_IRQHandler                  0x0800039b   Thumb Code     0  startup_stm32h723xx.o(.text)
    DMA2_Stream4_IRQHandler                  0x0800039b   Thumb Code     0  startup_stm32h723xx.o(.text)
    DMA2_Stream5_IRQHandler                  0x0800039b   Thumb Code     0  startup_stm32h723xx.o(.text)
    DMA2_Stream6_IRQHandler                  0x0800039b   Thumb Code     0  startup_stm32h723xx.o(.text)
    DMA2_Stream7_IRQHandler                  0x0800039b   Thumb Code     0  startup_stm32h723xx.o(.text)
    DMAMUX1_OVR_IRQHandler                   0x0800039b   Thumb Code     0  startup_stm32h723xx.o(.text)
    DMAMUX2_OVR_IRQHandler                   0x0800039b   Thumb Code     0  startup_stm32h723xx.o(.text)
    DTS_IRQHandler                           0x0800039b   Thumb Code     0  startup_stm32h723xx.o(.text)
    ECC_IRQHandler                           0x0800039b   Thumb Code     0  startup_stm32h723xx.o(.text)
    ETH_IRQHandler                           0x0800039b   Thumb Code     0  startup_stm32h723xx.o(.text)
    ETH_WKUP_IRQHandler                      0x0800039b   Thumb Code     0  startup_stm32h723xx.o(.text)
    EXTI0_IRQHandler                         0x0800039b   Thumb Code     0  startup_stm32h723xx.o(.text)
    EXTI15_10_IRQHandler                     0x0800039b   Thumb Code     0  startup_stm32h723xx.o(.text)
    EXTI1_IRQHandler                         0x0800039b   Thumb Code     0  startup_stm32h723xx.o(.text)
    EXTI2_IRQHandler                         0x0800039b   Thumb Code     0  startup_stm32h723xx.o(.text)
    EXTI3_IRQHandler                         0x0800039b   Thumb Code     0  startup_stm32h723xx.o(.text)
    EXTI4_IRQHandler                         0x0800039b   Thumb Code     0  startup_stm32h723xx.o(.text)
    EXTI9_5_IRQHandler                       0x0800039b   Thumb Code     0  startup_stm32h723xx.o(.text)
    FDCAN1_IT0_IRQHandler                    0x0800039b   Thumb Code     0  startup_stm32h723xx.o(.text)
    FDCAN1_IT1_IRQHandler                    0x0800039b   Thumb Code     0  startup_stm32h723xx.o(.text)
    FDCAN2_IT0_IRQHandler                    0x0800039b   Thumb Code     0  startup_stm32h723xx.o(.text)
    FDCAN2_IT1_IRQHandler                    0x0800039b   Thumb Code     0  startup_stm32h723xx.o(.text)
    FDCAN3_IT0_IRQHandler                    0x0800039b   Thumb Code     0  startup_stm32h723xx.o(.text)
    FDCAN3_IT1_IRQHandler                    0x0800039b   Thumb Code     0  startup_stm32h723xx.o(.text)
    FDCAN_CAL_IRQHandler                     0x0800039b   Thumb Code     0  startup_stm32h723xx.o(.text)
    FLASH_IRQHandler                         0x0800039b   Thumb Code     0  startup_stm32h723xx.o(.text)
    FMAC_IRQHandler                          0x0800039b   Thumb Code     0  startup_stm32h723xx.o(.text)
    FMC_IRQHandler                           0x0800039b   Thumb Code     0  startup_stm32h723xx.o(.text)
    FPU_IRQHandler                           0x0800039b   Thumb Code     0  startup_stm32h723xx.o(.text)
    HSEM1_IRQHandler                         0x0800039b   Thumb Code     0  startup_stm32h723xx.o(.text)
    I2C1_ER_IRQHandler                       0x0800039b   Thumb Code     0  startup_stm32h723xx.o(.text)
    I2C1_EV_IRQHandler                       0x0800039b   Thumb Code     0  startup_stm32h723xx.o(.text)
    I2C2_ER_IRQHandler                       0x0800039b   Thumb Code     0  startup_stm32h723xx.o(.text)
    I2C2_EV_IRQHandler                       0x0800039b   Thumb Code     0  startup_stm32h723xx.o(.text)
    I2C3_ER_IRQHandler                       0x0800039b   Thumb Code     0  startup_stm32h723xx.o(.text)
    I2C3_EV_IRQHandler                       0x0800039b   Thumb Code     0  startup_stm32h723xx.o(.text)
    I2C4_ER_IRQHandler                       0x0800039b   Thumb Code     0  startup_stm32h723xx.o(.text)
    I2C4_EV_IRQHandler                       0x0800039b   Thumb Code     0  startup_stm32h723xx.o(.text)
    I2C5_ER_IRQHandler                       0x0800039b   Thumb Code     0  startup_stm32h723xx.o(.text)
    I2C5_EV_IRQHandler                       0x0800039b   Thumb Code     0  startup_stm32h723xx.o(.text)
    LPTIM1_IRQHandler                        0x0800039b   Thumb Code     0  startup_stm32h723xx.o(.text)
    LPTIM2_IRQHandler                        0x0800039b   Thumb Code     0  startup_stm32h723xx.o(.text)
    LPTIM3_IRQHandler                        0x0800039b   Thumb Code     0  startup_stm32h723xx.o(.text)
    LPTIM4_IRQHandler                        0x0800039b   Thumb Code     0  startup_stm32h723xx.o(.text)
    LPTIM5_IRQHandler                        0x0800039b   Thumb Code     0  startup_stm32h723xx.o(.text)
    LPUART1_IRQHandler                       0x0800039b   Thumb Code     0  startup_stm32h723xx.o(.text)
    LTDC_ER_IRQHandler                       0x0800039b   Thumb Code     0  startup_stm32h723xx.o(.text)
    LTDC_IRQHandler                          0x0800039b   Thumb Code     0  startup_stm32h723xx.o(.text)
    MDIOS_IRQHandler                         0x0800039b   Thumb Code     0  startup_stm32h723xx.o(.text)
    MDIOS_WKUP_IRQHandler                    0x0800039b   Thumb Code     0  startup_stm32h723xx.o(.text)
    MDMA_IRQHandler                          0x0800039b   Thumb Code     0  startup_stm32h723xx.o(.text)
    OCTOSPI1_IRQHandler                      0x0800039b   Thumb Code     0  startup_stm32h723xx.o(.text)
    OCTOSPI2_IRQHandler                      0x0800039b   Thumb Code     0  startup_stm32h723xx.o(.text)
    OTG_HS_EP1_IN_IRQHandler                 0x0800039b   Thumb Code     0  startup_stm32h723xx.o(.text)
    OTG_HS_EP1_OUT_IRQHandler                0x0800039b   Thumb Code     0  startup_stm32h723xx.o(.text)
    OTG_HS_IRQHandler                        0x0800039b   Thumb Code     0  startup_stm32h723xx.o(.text)
    OTG_HS_WKUP_IRQHandler                   0x0800039b   Thumb Code     0  startup_stm32h723xx.o(.text)
    PVD_AVD_IRQHandler                       0x0800039b   Thumb Code     0  startup_stm32h723xx.o(.text)
    RCC_IRQHandler                           0x0800039b   Thumb Code     0  startup_stm32h723xx.o(.text)
    RNG_IRQHandler                           0x0800039b   Thumb Code     0  startup_stm32h723xx.o(.text)
    RTC_Alarm_IRQHandler                     0x0800039b   Thumb Code     0  startup_stm32h723xx.o(.text)
    RTC_WKUP_IRQHandler                      0x0800039b   Thumb Code     0  startup_stm32h723xx.o(.text)
    SAI1_IRQHandler                          0x0800039b   Thumb Code     0  startup_stm32h723xx.o(.text)
    SAI4_IRQHandler                          0x0800039b   Thumb Code     0  startup_stm32h723xx.o(.text)
    SDMMC1_IRQHandler                        0x0800039b   Thumb Code     0  startup_stm32h723xx.o(.text)
    SDMMC2_IRQHandler                        0x0800039b   Thumb Code     0  startup_stm32h723xx.o(.text)
    SPDIF_RX_IRQHandler                      0x0800039b   Thumb Code     0  startup_stm32h723xx.o(.text)
    SPI1_IRQHandler                          0x0800039b   Thumb Code     0  startup_stm32h723xx.o(.text)
    SPI2_IRQHandler                          0x0800039b   Thumb Code     0  startup_stm32h723xx.o(.text)
    SPI3_IRQHandler                          0x0800039b   Thumb Code     0  startup_stm32h723xx.o(.text)
    SPI4_IRQHandler                          0x0800039b   Thumb Code     0  startup_stm32h723xx.o(.text)
    SPI5_IRQHandler                          0x0800039b   Thumb Code     0  startup_stm32h723xx.o(.text)
    SPI6_IRQHandler                          0x0800039b   Thumb Code     0  startup_stm32h723xx.o(.text)
    SWPMI1_IRQHandler                        0x0800039b   Thumb Code     0  startup_stm32h723xx.o(.text)
    TAMP_STAMP_IRQHandler                    0x0800039b   Thumb Code     0  startup_stm32h723xx.o(.text)
    TIM15_IRQHandler                         0x0800039b   Thumb Code     0  startup_stm32h723xx.o(.text)
    TIM16_IRQHandler                         0x0800039b   Thumb Code     0  startup_stm32h723xx.o(.text)
    TIM17_IRQHandler                         0x0800039b   Thumb Code     0  startup_stm32h723xx.o(.text)
    TIM1_BRK_IRQHandler                      0x0800039b   Thumb Code     0  startup_stm32h723xx.o(.text)
    TIM1_CC_IRQHandler                       0x0800039b   Thumb Code     0  startup_stm32h723xx.o(.text)
    TIM1_TRG_COM_IRQHandler                  0x0800039b   Thumb Code     0  startup_stm32h723xx.o(.text)
    TIM1_UP_IRQHandler                       0x0800039b   Thumb Code     0  startup_stm32h723xx.o(.text)
    TIM23_IRQHandler                         0x0800039b   Thumb Code     0  startup_stm32h723xx.o(.text)
    TIM24_IRQHandler                         0x0800039b   Thumb Code     0  startup_stm32h723xx.o(.text)
    TIM2_IRQHandler                          0x0800039b   Thumb Code     0  startup_stm32h723xx.o(.text)
    TIM3_IRQHandler                          0x0800039b   Thumb Code     0  startup_stm32h723xx.o(.text)
    TIM4_IRQHandler                          0x0800039b   Thumb Code     0  startup_stm32h723xx.o(.text)
    TIM5_IRQHandler                          0x0800039b   Thumb Code     0  startup_stm32h723xx.o(.text)
    TIM6_DAC_IRQHandler                      0x0800039b   Thumb Code     0  startup_stm32h723xx.o(.text)
    TIM7_IRQHandler                          0x0800039b   Thumb Code     0  startup_stm32h723xx.o(.text)
    TIM8_BRK_TIM12_IRQHandler                0x0800039b   Thumb Code     0  startup_stm32h723xx.o(.text)
    TIM8_CC_IRQHandler                       0x0800039b   Thumb Code     0  startup_stm32h723xx.o(.text)
    TIM8_TRG_COM_TIM14_IRQHandler            0x0800039b   Thumb Code     0  startup_stm32h723xx.o(.text)
    TIM8_UP_TIM13_IRQHandler                 0x0800039b   Thumb Code     0  startup_stm32h723xx.o(.text)
    UART4_IRQHandler                         0x0800039b   Thumb Code     0  startup_stm32h723xx.o(.text)
    UART5_IRQHandler                         0x0800039b   Thumb Code     0  startup_stm32h723xx.o(.text)
    UART7_IRQHandler                         0x0800039b   Thumb Code     0  startup_stm32h723xx.o(.text)
    UART8_IRQHandler                         0x0800039b   Thumb Code     0  startup_stm32h723xx.o(.text)
    UART9_IRQHandler                         0x0800039b   Thumb Code     0  startup_stm32h723xx.o(.text)
    USART10_IRQHandler                       0x0800039b   Thumb Code     0  startup_stm32h723xx.o(.text)
    USART1_IRQHandler                        0x0800039b   Thumb Code     0  startup_stm32h723xx.o(.text)
    WAKEUP_PIN_IRQHandler                    0x0800039b   Thumb Code     0  startup_stm32h723xx.o(.text)
    WWDG_IRQHandler                          0x0800039b   Thumb Code     0  startup_stm32h723xx.o(.text)
    __user_initial_stackheap                 0x0800039d   Thumb Code     0  startup_stm32h723xx.o(.text)
    __aeabi_uldivmod                         0x080003c1   Thumb Code     0  lludivv7m.o(.text)
    _ll_udiv                                 0x080003c1   Thumb Code   238  lludivv7m.o(.text)
    __2snprintf                              0x080004b1   Thumb Code    48  noretval__2snprintf.o(.text)
    __printf                                 0x080004e5   Thumb Code   104  __printf.o(.text)
    _printf_str                              0x0800054d   Thumb Code    82  _printf_str.o(.text)
    _printf_int_dec                          0x080005a1   Thumb Code   104  _printf_dec.o(.text)
    strstr                                   0x08000619   Thumb Code    36  strstr.o(.text)
    strlen                                   0x0800063d   Thumb Code    62  strlen.o(.text)
    __aeabi_memclr4                          0x0800067b   Thumb Code     0  rt_memclr_w.o(.text)
    __aeabi_memclr8                          0x0800067b   Thumb Code     0  rt_memclr_w.o(.text)
    __rt_memclr_w                            0x0800067b   Thumb Code    78  rt_memclr_w.o(.text)
    _memset_w                                0x0800067f   Thumb Code     0  rt_memclr_w.o(.text)
    strncpy                                  0x080006c9   Thumb Code    86  strncpy.o(.text)
    __use_two_region_memory                  0x0800071f   Thumb Code     2  heapauxi.o(.text)
    __rt_heap_escrow$2region                 0x08000721   Thumb Code     2  heapauxi.o(.text)
    __rt_heap_expand$2region                 0x08000723   Thumb Code     2  heapauxi.o(.text)
    _printf_int_common                       0x08000725   Thumb Code   178  _printf_intcommon.o(.text)
    _printf_char_common                      0x080007e3   Thumb Code    32  _printf_char_common.o(.text)
    _sputc                                   0x08000809   Thumb Code    10  _sputc.o(.text)
    _snputc                                  0x08000813   Thumb Code    16  _snputc.o(.text)
    _printf_cs_common                        0x08000823   Thumb Code    20  _printf_char.o(.text)
    _printf_char                             0x08000837   Thumb Code    16  _printf_char.o(.text)
    _printf_string                           0x08000847   Thumb Code     8  _printf_char.o(.text)
    __aeabi_memclr                           0x0800084f   Thumb Code     0  rt_memclr.o(.text)
    __rt_memclr                              0x0800084f   Thumb Code    68  rt_memclr.o(.text)
    _memset                                  0x08000853   Thumb Code     0  rt_memclr.o(.text)
    __user_setup_stackheap                   0x08000893   Thumb Code    74  sys_stackheap_outer.o(.text)
    exit                                     0x080008dd   Thumb Code    18  exit.o(.text)
    __user_libspace                          0x080008f1   Thumb Code     8  libspace.o(.text)
    __user_perproc_libspace                  0x080008f1   Thumb Code     0  libspace.o(.text)
    __user_perthread_libspace                0x080008f1   Thumb Code     0  libspace.o(.text)
    _sys_exit                                0x080008f9   Thumb Code     8  sys_exit.o(.text)
    __I$use$semihosting                      0x08000905   Thumb Code     0  use_no_semi.o(.text)
    __use_no_semihosting_swi                 0x08000905   Thumb Code     2  use_no_semi.o(.text)
    BusFault_Handler                         0x08000907   Thumb Code     2  stm32h7xx_it.o(i.BusFault_Handler)
    __semihosting_library_function           0x08000907   Thumb Code     0  indicate_semi.o(.text)
    DHT_GPIO_SET_INPUT                       0x08000909   Thumb Code    28  dht11.o(i.DHT_GPIO_SET_INPUT)
    DHT_GPIO_SET_OUTPUT                      0x08000929   Thumb Code    28  dht11.o(i.DHT_GPIO_SET_OUTPUT)
    DHT_Read                                 0x08000949   Thumb Code   172  dht11.o(i.DHT_Read)
    DHT_Read_Byte                            0x080009fd   Thumb Code   120  dht11.o(i.DHT_Read_Byte)
    DebugMon_Handler                         0x08000a79   Thumb Code     2  stm32h7xx_it.o(i.DebugMon_Handler)
    Delay_us                                 0x08000a7d   Thumb Code    44  dht11.o(i.Delay_us)
    ESP_AT_CWJAP                             0x08000aad   Thumb Code    46  mqtt.o(i.ESP_AT_CWJAP)
    ESP_AT_CWMODE                            0x08000af9   Thumb Code    12  mqtt.o(i.ESP_AT_CWMODE)
    ESP_AT_MQTTCONN                          0x08000b19   Thumb Code    12  mqtt.o(i.ESP_AT_MQTTCONN)
    ESP_AT_MQTTPUB                           0x08000b5d   Thumb Code    50  mqtt.o(i.ESP_AT_MQTTPUB)
    ESP_AT_MQTTUSERCFG                       0x08000bb5   Thumb Code    50  mqtt.o(i.ESP_AT_MQTTUSERCFG)
    ESP_AT_RST                               0x08000c19   Thumb Code    12  mqtt.o(i.ESP_AT_RST)
    Error_Handler                            0x08000c39   Thumb Code     4  main.o(i.Error_Handler)
    HAL_DMA_Abort                            0x08000c3d   Thumb Code   836  stm32h7xx_hal_dma.o(i.HAL_DMA_Abort)
    HAL_DMA_Abort_IT                         0x08000f9d   Thumb Code   602  stm32h7xx_hal_dma.o(i.HAL_DMA_Abort_IT)
    HAL_Delay                                0x08001221   Thumb Code    32  stm32h7xx_hal.o(i.HAL_Delay)
    HAL_GPIO_Init                            0x08001245   Thumb Code   496  stm32h7xx_hal_gpio.o(i.HAL_GPIO_Init)
    HAL_GPIO_ReadPin                         0x08001461   Thumb Code    10  stm32h7xx_hal_gpio.o(i.HAL_GPIO_ReadPin)
    HAL_GPIO_WritePin                        0x0800146b   Thumb Code    10  stm32h7xx_hal_gpio.o(i.HAL_GPIO_WritePin)
    HAL_GetTick                              0x08001475   Thumb Code     6  stm32h7xx_hal.o(i.HAL_GetTick)
    HAL_IncTick                              0x08001481   Thumb Code    12  stm32h7xx_hal.o(i.HAL_IncTick)
    HAL_Init                                 0x08001491   Thumb Code    74  stm32h7xx_hal.o(i.HAL_Init)
    HAL_InitTick                             0x080014ed   Thumb Code    56  stm32h7xx_hal.o(i.HAL_InitTick)
    HAL_MPU_ConfigRegion                     0x0800152d   Thumb Code    86  stm32h7xx_hal_cortex.o(i.HAL_MPU_ConfigRegion)
    HAL_MPU_Disable                          0x08001589   Thumb Code    24  stm32h7xx_hal_cortex.o(i.HAL_MPU_Disable)
    HAL_MPU_Enable                           0x080015a5   Thumb Code    30  stm32h7xx_hal_cortex.o(i.HAL_MPU_Enable)
    HAL_MspInit                              0x080015c9   Thumb Code    22  stm32h7xx_hal_msp.o(i.HAL_MspInit)
    HAL_NVIC_EnableIRQ                       0x080015e5   Thumb Code    26  stm32h7xx_hal_cortex.o(i.HAL_NVIC_EnableIRQ)
    HAL_NVIC_SetPriority                     0x08001601   Thumb Code    60  stm32h7xx_hal_cortex.o(i.HAL_NVIC_SetPriority)
    HAL_NVIC_SetPriorityGrouping             0x08001641   Thumb Code    28  stm32h7xx_hal_cortex.o(i.HAL_NVIC_SetPriorityGrouping)
    HAL_PWREx_ConfigSupply                   0x08001665   Thumb Code    78  stm32h7xx_hal_pwr_ex.o(i.HAL_PWREx_ConfigSupply)
    HAL_RCCEx_GetD3PCLK1Freq                 0x080016b9   Thumb Code    26  stm32h7xx_hal_rcc_ex.o(i.HAL_RCCEx_GetD3PCLK1Freq)
    HAL_RCCEx_GetPLL2ClockFreq               0x080016dd   Thumb Code   296  stm32h7xx_hal_rcc_ex.o(i.HAL_RCCEx_GetPLL2ClockFreq)
    HAL_RCCEx_GetPLL3ClockFreq               0x08001821   Thumb Code   296  stm32h7xx_hal_rcc_ex.o(i.HAL_RCCEx_GetPLL3ClockFreq)
    HAL_RCCEx_PeriphCLKConfig                0x08001965   Thumb Code  2362  stm32h7xx_hal_rcc_ex.o(i.HAL_RCCEx_PeriphCLKConfig)
    HAL_RCC_ClockConfig                      0x080022a1   Thumb Code   580  stm32h7xx_hal_rcc.o(i.HAL_RCC_ClockConfig)
    HAL_RCC_GetHCLKFreq                      0x080024fd   Thumb Code    52  stm32h7xx_hal_rcc.o(i.HAL_RCC_GetHCLKFreq)
    HAL_RCC_GetPCLK1Freq                     0x08002541   Thumb Code    26  stm32h7xx_hal_rcc.o(i.HAL_RCC_GetPCLK1Freq)
    HAL_RCC_GetPCLK2Freq                     0x08002565   Thumb Code    26  stm32h7xx_hal_rcc.o(i.HAL_RCC_GetPCLK2Freq)
    HAL_RCC_GetSysClockFreq                  0x08002589   Thumb Code   278  stm32h7xx_hal_rcc.o(i.HAL_RCC_GetSysClockFreq)
    HAL_RCC_OscConfig                        0x080026c1   Thumb Code  1318  stm32h7xx_hal_rcc.o(i.HAL_RCC_OscConfig)
    HAL_SYSTICK_Config                       0x08002be7   Thumb Code    38  stm32h7xx_hal_cortex.o(i.HAL_SYSTICK_Config)
    HAL_TIMEx_ConfigBreakDeadTime            0x08002c0d   Thumb Code   150  stm32h7xx_hal_tim_ex.o(i.HAL_TIMEx_ConfigBreakDeadTime)
    HAL_TIMEx_MasterConfigSynchronization    0x08002cad   Thumb Code   146  stm32h7xx_hal_tim_ex.o(i.HAL_TIMEx_MasterConfigSynchronization)
    HAL_TIM_Base_Init                        0x08002d65   Thumb Code    98  stm32h7xx_hal_tim.o(i.HAL_TIM_Base_Init)
    HAL_TIM_Base_MspInit                     0x08002dc9   Thumb Code    52  tim.o(i.HAL_TIM_Base_MspInit)
    HAL_TIM_Base_Start                       0x08002e09   Thumb Code   108  stm32h7xx_hal_tim.o(i.HAL_TIM_Base_Start)
    HAL_TIM_Base_Stop                        0x08002e9d   Thumb Code    38  stm32h7xx_hal_tim.o(i.HAL_TIM_Base_Stop)
    HAL_TIM_ConfigClockSource                0x08002ec5   Thumb Code   248  stm32h7xx_hal_tim.o(i.HAL_TIM_ConfigClockSource)
    HAL_TIM_MspPostInit                      0x08002fc1   Thumb Code    70  tim.o(i.HAL_TIM_MspPostInit)
    HAL_TIM_PWM_ConfigChannel                0x08003015   Thumb Code   292  stm32h7xx_hal_tim.o(i.HAL_TIM_PWM_ConfigChannel)
    HAL_TIM_PWM_Init                         0x08003139   Thumb Code    98  stm32h7xx_hal_tim.o(i.HAL_TIM_PWM_Init)
    HAL_TIM_PWM_MspInit                      0x0800319b   Thumb Code     2  stm32h7xx_hal_tim.o(i.HAL_TIM_PWM_MspInit)
    HAL_TIM_PWM_Start                        0x0800319d   Thumb Code   244  stm32h7xx_hal_tim.o(i.HAL_TIM_PWM_Start)
    HAL_UARTEx_DisableFifoMode               0x080032c1   Thumb Code    64  stm32h7xx_hal_uart_ex.o(i.HAL_UARTEx_DisableFifoMode)
    HAL_UARTEx_RxEventCallback               0x08003301   Thumb Code     2  stm32h7xx_hal_uart.o(i.HAL_UARTEx_RxEventCallback)
    HAL_UARTEx_RxFifoFullCallback            0x08003303   Thumb Code     2  stm32h7xx_hal_uart_ex.o(i.HAL_UARTEx_RxFifoFullCallback)
    HAL_UARTEx_SetRxFifoThreshold            0x08003305   Thumb Code    76  stm32h7xx_hal_uart_ex.o(i.HAL_UARTEx_SetRxFifoThreshold)
    HAL_UARTEx_SetTxFifoThreshold            0x08003351   Thumb Code    76  stm32h7xx_hal_uart_ex.o(i.HAL_UARTEx_SetTxFifoThreshold)
    HAL_UARTEx_TxFifoEmptyCallback           0x0800339d   Thumb Code     2  stm32h7xx_hal_uart_ex.o(i.HAL_UARTEx_TxFifoEmptyCallback)
    HAL_UARTEx_WakeupCallback                0x0800339f   Thumb Code     2  stm32h7xx_hal_uart_ex.o(i.HAL_UARTEx_WakeupCallback)
    HAL_UART_ErrorCallback                   0x080033a1   Thumb Code     2  stm32h7xx_hal_uart.o(i.HAL_UART_ErrorCallback)
    HAL_UART_IRQHandler                      0x080033a5   Thumb Code   878  stm32h7xx_hal_uart.o(i.HAL_UART_IRQHandler)
    HAL_UART_Init                            0x0800372d   Thumb Code   106  stm32h7xx_hal_uart.o(i.HAL_UART_Init)
    HAL_UART_MspInit                         0x08003799   Thumb Code   448  usart.o(i.HAL_UART_MspInit)
    HAL_UART_Receive                         0x0800397d   Thumb Code   232  stm32h7xx_hal_uart.o(i.HAL_UART_Receive)
    HAL_UART_Receive_IT                      0x08003a65   Thumb Code    66  stm32h7xx_hal_uart.o(i.HAL_UART_Receive_IT)
    HAL_UART_RxCpltCallback                  0x08003aad   Thumb Code   146  main.o(i.HAL_UART_RxCpltCallback)
    HAL_UART_Transmit                        0x08003b61   Thumb Code   176  stm32h7xx_hal_uart.o(i.HAL_UART_Transmit)
    HAL_UART_TxCpltCallback                  0x08003c11   Thumb Code     2  stm32h7xx_hal_uart.o(i.HAL_UART_TxCpltCallback)
    HardFault_Handler                        0x08003c13   Thumb Code     2  stm32h7xx_it.o(i.HardFault_Handler)
    MQTT_Init                                0x08003c15   Thumb Code   126  mqtt.o(i.MQTT_Init)
    MQTT_update                              0x08003c9d   Thumb Code     4  mqtt.o(i.MQTT_update)
    MX_GPIO_Init                             0x08003ca1   Thumb Code   178  gpio.o(i.MX_GPIO_Init)
    MX_TIM15_Init                            0x08003d61   Thumb Code   216  tim.o(i.MX_TIM15_Init)
    MX_TIM1_Init                             0x08003e41   Thumb Code   100  tim.o(i.MX_TIM1_Init)
    MX_USART1_UART_Init                      0x08003ead   Thumb Code    94  usart.o(i.MX_USART1_UART_Init)
    MX_USART2_UART_Init                      0x08003f15   Thumb Code    94  usart.o(i.MX_USART2_UART_Init)
    MX_USART3_UART_Init                      0x08003f7d   Thumb Code    94  usart.o(i.MX_USART3_UART_Init)
    MX_USART6_UART_Init                      0x08003fe5   Thumb Code    94  usart.o(i.MX_USART6_UART_Init)
    MemManage_Handler                        0x0800404d   Thumb Code     2  stm32h7xx_it.o(i.MemManage_Handler)
    NMI_Handler                              0x0800404f   Thumb Code     2  stm32h7xx_it.o(i.NMI_Handler)
    PID_1D                                   0x08004051   Thumb Code   104  pid.o(i.PID_1D)
    PID_2D                                   0x080040c1   Thumb Code    88  pid.o(i.PID_2D)
    PendSV_Handler                           0x08004121   Thumb Code     2  stm32h7xx_it.o(i.PendSV_Handler)
    Pump_ON                                  0x08004125   Thumb Code    10  pump.o(i.Pump_ON)
    Pump_Off                                 0x08004135   Thumb Code    12  pump.o(i.Pump_Off)
    SVC_Handler                              0x08004385   Thumb Code     2  stm32h7xx_it.o(i.SVC_Handler)
    Servo_Compare                            0x08004387   Thumb Code    18  servo.o(i.Servo_Compare)
    Servo_Start                              0x08004399   Thumb Code     4  servo.o(i.Servo_Start)
    Servo_turn_down                          0x0800439d   Thumb Code    20  servo.o(i.Servo_turn_down)
    Servo_turn_left                          0x080043b1   Thumb Code    18  servo.o(i.Servo_turn_left)
    Servo_turn_right                         0x080043c3   Thumb Code    18  servo.o(i.Servo_turn_right)
    Servo_turn_up                            0x080043d5   Thumb Code    20  servo.o(i.Servo_turn_up)
    SysTick_Handler                          0x080043e9   Thumb Code     4  stm32h7xx_it.o(i.SysTick_Handler)
    SystemClock_Config                       0x080043ed   Thumb Code   146  main.o(i.SystemClock_Config)
    SystemInit                               0x08004485   Thumb Code   158  system_stm32h7xx.o(i.SystemInit)
    TIM15_PWM_SetCompare1                    0x08004545   Thumb Code     8  pwm.o(i.TIM15_PWM_SetCompare1)
    TIM15_PWM_SetCompare2                    0x08004551   Thumb Code     8  pwm.o(i.TIM15_PWM_SetCompare2)
    TIM15_PWM_Start                          0x0800455d   Thumb Code    22  pwm.o(i.TIM15_PWM_Start)
    TIM_Base_SetConfig                       0x08004579   Thumb Code   188  stm32h7xx_hal_tim.o(i.TIM_Base_SetConfig)
    TIM_CCxChannelCmd                        0x0800465d   Thumb Code    26  stm32h7xx_hal_tim.o(i.TIM_CCxChannelCmd)
    TIM_ETR_SetConfig                        0x08004677   Thumb Code    18  stm32h7xx_hal_tim.o(i.TIM_ETR_SetConfig)
    TIM_OC2_SetConfig                        0x08004741   Thumb Code   126  stm32h7xx_hal_tim.o(i.TIM_OC2_SetConfig)
    UART_AdvFeatureConfig                    0x08004a5d   Thumb Code   200  stm32h7xx_hal_uart.o(i.UART_AdvFeatureConfig)
    UART_CheckIdleState                      0x08004b25   Thumb Code   170  stm32h7xx_hal_uart.o(i.UART_CheckIdleState)
    UART_SetConfig                           0x08005109   Thumb Code   914  stm32h7xx_hal_uart.o(i.UART_SetConfig)
    UART_Start_Receive_IT                    0x080054e5   Thumb Code   256  stm32h7xx_hal_uart.o(i.UART_Start_Receive_IT)
    UART_WaitOnFlagUntilTimeout              0x080055f5   Thumb Code   148  stm32h7xx_hal_uart.o(i.UART_WaitOnFlagUntilTimeout)
    USART2_IRQHandler                        0x08005689   Thumb Code     6  stm32h7xx_it.o(i.USART2_IRQHandler)
    USART3_IRQHandler                        0x08005695   Thumb Code     6  stm32h7xx_it.o(i.USART3_IRQHandler)
    USART6_IRQHandler                        0x080056a1   Thumb Code     6  stm32h7xx_it.o(i.USART6_IRQHandler)
    UsageFault_Handler                       0x080056ad   Thumb Code     2  stm32h7xx_it.o(i.UsageFault_Handler)
    main                                     0x080056d1   Thumb Code   706  main.o(i.main)
    sendATCommand                            0x080059e5   Thumb Code   134  mqtt.o(i.sendATCommand)
    _fp_init                                 0x08005a71   Thumb Code    10  fpinit.o(x$fpl$fpinit)
    __fplib_config_fpu_vfp                   0x08005a79   Thumb Code     0  fpinit.o(x$fpl$fpinit)
    __fplib_config_pureend_doubles           0x08005a79   Thumb Code     0  fpinit.o(x$fpl$fpinit)
    UARTPrescTable                           0x08005a7a   Data          24  stm32h7xx_hal_uart.o(.constdata)
    D1CorePrescTable                         0x08005aa2   Data          16  system_stm32h7xx.o(.constdata)
    Region$$Table$$Base                      0x08005ab4   Number         0  anon$$obj.o(Region$$Table)
    Region$$Table$$Limit                     0x08005ad4   Number         0  anon$$obj.o(Region$$Table)
    Data                                     0x24000004   Data           5  dht11.o(.data)
    frame6_idx                               0x2400000a   Data           1  main.o(.data)
    tag                                      0x2400000b   Data           1  main.o(.data)
    tag_1                                    0x2400000c   Data           1  main.o(.data)
    tag_2                                    0x2400000d   Data           1  main.o(.data)
    count                                    0x2400000e   Data           1  main.o(.data)
    rxByte                                   0x24000011   Data           1  main.o(.data)
    Direction                                0x24000012   Data           1  main.o(.data)
    rx6                                      0x24000013   Data           1  main.o(.data)
    Pump                                     0x24000014   Data           1  main.o(.data)
    current_compare_1D                       0x24000016   Data           2  main.o(.data)
    current_compare_2D                       0x24000018   Data           2  main.o(.data)
    count_1                                  0x2400001a   Data           2  main.o(.data)
    x                                        0x2400001c   Data           2  main.o(.data)
    Temperature                              0x2400001e   Data           3  main.o(.data)
    Humidity                                 0x24000021   Data           3  main.o(.data)
    rx3                                      0x24000024   Data           5  main.o(.data)
    password                                 0x24000029   Data           9  main.o(.data)
    client_id                                0x24000032   Data          33  main.o(.data)
    topic1                                   0x24000053   Data          12  main.o(.data)
    topic2                                   0x2400005f   Data           9  main.o(.data)
    uwTickFreq                               0x24000068   Data           1  stm32h7xx_hal.o(.data)
    uwTickPrio                               0x2400006c   Data           4  stm32h7xx_hal.o(.data)
    uwTick                                   0x24000070   Data           4  stm32h7xx_hal.o(.data)
    SystemCoreClock                          0x24000074   Data           4  system_stm32h7xx.o(.data)
    SystemD2Clock                            0x24000078   Data           4  system_stm32h7xx.o(.data)
    mqtt_cfg                                 0x2400007c   Data         194  mqtt.o(.bss)
    frame6                                   0x2400013e   Data           9  main.o(.bss)
    htim1                                    0x24000148   Data          76  tim.o(.bss)
    htim15                                   0x24000194   Data          76  tim.o(.bss)
    huart1                                   0x240001e0   Data         148  usart.o(.bss)
    huart2                                   0x24000274   Data         148  usart.o(.bss)
    huart3                                   0x24000308   Data         148  usart.o(.bss)
    huart6                                   0x2400039c   Data         148  usart.o(.bss)
    __libspace_start                         0x24000430   Data          96  libspace.o(.bss)
    __temporary_stack_top$libspace           0x24000490   Data           0  libspace.o(.bss)



==============================================================================

Memory Map of the image

  Image Entry point : 0x080002cd

  Load Region LR_IROM1 (Base: 0x08000000, Size: 0x00005b50, Max: 0x00100000, ABSOLUTE)

    Execution Region ER_IROM1 (Exec base: 0x08000000, Load base: 0x08000000, Size: 0x00005ad4, Max: 0x00100000, ABSOLUTE)

    Exec Addr    Load Addr    Size         Type   Attr      Idx    E Section Name        Object

    0x08000000   0x08000000   0x000002cc   Data   RO            3    RESET               startup_stm32h723xx.o
    0x080002cc   0x080002cc   0x00000008   Code   RO         4825  * !!!main             c_w.l(__main.o)
    0x080002d4   0x080002d4   0x00000034   Code   RO         5007    !!!scatter          c_w.l(__scatter.o)
    0x08000308   0x08000308   0x0000001a   Code   RO         5009    !!handler_copy      c_w.l(__scatter_copy.o)
    0x08000322   0x08000322   0x00000002   PAD
    0x08000324   0x08000324   0x0000001c   Code   RO         5011    !!handler_zi        c_w.l(__scatter_zi.o)
    0x08000340   0x08000340   0x00000000   Code   RO         4814    .ARM.Collect$$_printf_percent$$00000000  c_w.l(_printf_percent.o)
    0x08000340   0x08000340   0x00000006   Code   RO         4813    .ARM.Collect$$_printf_percent$$00000009  c_w.l(_printf_d.o)
    0x08000346   0x08000346   0x00000006   Code   RO         4811    .ARM.Collect$$_printf_percent$$00000013  c_w.l(_printf_c.o)
    0x0800034c   0x0800034c   0x00000006   Code   RO         4812    .ARM.Collect$$_printf_percent$$00000014  c_w.l(_printf_s.o)
    0x08000352   0x08000352   0x00000004   Code   RO         4842    .ARM.Collect$$_printf_percent$$00000017  c_w.l(_printf_percent_end.o)
    0x08000356   0x08000356   0x00000002   Code   RO         4877    .ARM.Collect$$libinit$$00000000  c_w.l(libinit.o)
    0x08000358   0x08000358   0x00000004   Code   RO         4889    .ARM.Collect$$libinit$$00000001  c_w.l(libinit2.o)
    0x0800035c   0x0800035c   0x00000000   Code   RO         4892    .ARM.Collect$$libinit$$00000004  c_w.l(libinit2.o)
    0x0800035c   0x0800035c   0x00000000   Code   RO         4895    .ARM.Collect$$libinit$$0000000A  c_w.l(libinit2.o)
    0x0800035c   0x0800035c   0x00000000   Code   RO         4897    .ARM.Collect$$libinit$$0000000C  c_w.l(libinit2.o)
    0x0800035c   0x0800035c   0x00000000   Code   RO         4899    .ARM.Collect$$libinit$$0000000E  c_w.l(libinit2.o)
    0x0800035c   0x0800035c   0x00000000   Code   RO         4902    .ARM.Collect$$libinit$$00000011  c_w.l(libinit2.o)
    0x0800035c   0x0800035c   0x00000000   Code   RO         4904    .ARM.Collect$$libinit$$00000013  c_w.l(libinit2.o)
    0x0800035c   0x0800035c   0x00000000   Code   RO         4906    .ARM.Collect$$libinit$$00000015  c_w.l(libinit2.o)
    0x0800035c   0x0800035c   0x00000000   Code   RO         4908    .ARM.Collect$$libinit$$00000017  c_w.l(libinit2.o)
    0x0800035c   0x0800035c   0x00000000   Code   RO         4910    .ARM.Collect$$libinit$$00000019  c_w.l(libinit2.o)
    0x0800035c   0x0800035c   0x00000000   Code   RO         4912    .ARM.Collect$$libinit$$0000001B  c_w.l(libinit2.o)
    0x0800035c   0x0800035c   0x00000000   Code   RO         4914    .ARM.Collect$$libinit$$0000001D  c_w.l(libinit2.o)
    0x0800035c   0x0800035c   0x00000000   Code   RO         4916    .ARM.Collect$$libinit$$0000001F  c_w.l(libinit2.o)
    0x0800035c   0x0800035c   0x00000000   Code   RO         4918    .ARM.Collect$$libinit$$00000021  c_w.l(libinit2.o)
    0x0800035c   0x0800035c   0x00000000   Code   RO         4920    .ARM.Collect$$libinit$$00000023  c_w.l(libinit2.o)
    0x0800035c   0x0800035c   0x00000000   Code   RO         4922    .ARM.Collect$$libinit$$00000025  c_w.l(libinit2.o)
    0x0800035c   0x0800035c   0x00000000   Code   RO         4926    .ARM.Collect$$libinit$$0000002C  c_w.l(libinit2.o)
    0x0800035c   0x0800035c   0x00000000   Code   RO         4928    .ARM.Collect$$libinit$$0000002E  c_w.l(libinit2.o)
    0x0800035c   0x0800035c   0x00000000   Code   RO         4930    .ARM.Collect$$libinit$$00000030  c_w.l(libinit2.o)
    0x0800035c   0x0800035c   0x00000000   Code   RO         4932    .ARM.Collect$$libinit$$00000032  c_w.l(libinit2.o)
    0x0800035c   0x0800035c   0x00000002   Code   RO         4933    .ARM.Collect$$libinit$$00000033  c_w.l(libinit2.o)
    0x0800035e   0x0800035e   0x00000002   Code   RO         4964    .ARM.Collect$$libshutdown$$00000000  c_w.l(libshutdown.o)
    0x08000360   0x08000360   0x00000000   Code   RO         4990    .ARM.Collect$$libshutdown$$00000002  c_w.l(libshutdown2.o)
    0x08000360   0x08000360   0x00000000   Code   RO         4992    .ARM.Collect$$libshutdown$$00000004  c_w.l(libshutdown2.o)
    0x08000360   0x08000360   0x00000000   Code   RO         4995    .ARM.Collect$$libshutdown$$00000007  c_w.l(libshutdown2.o)
    0x08000360   0x08000360   0x00000000   Code   RO         4998    .ARM.Collect$$libshutdown$$0000000A  c_w.l(libshutdown2.o)
    0x08000360   0x08000360   0x00000000   Code   RO         5000    .ARM.Collect$$libshutdown$$0000000C  c_w.l(libshutdown2.o)
    0x08000360   0x08000360   0x00000000   Code   RO         5003    .ARM.Collect$$libshutdown$$0000000F  c_w.l(libshutdown2.o)
    0x08000360   0x08000360   0x00000002   Code   RO         5004    .ARM.Collect$$libshutdown$$00000010  c_w.l(libshutdown2.o)
    0x08000362   0x08000362   0x00000000   Code   RO         4827    .ARM.Collect$$rtentry$$00000000  c_w.l(__rtentry.o)
    0x08000362   0x08000362   0x00000000   Code   RO         4846    .ARM.Collect$$rtentry$$00000002  c_w.l(__rtentry2.o)
    0x08000362   0x08000362   0x00000006   Code   RO         4858    .ARM.Collect$$rtentry$$00000004  c_w.l(__rtentry4.o)
    0x08000368   0x08000368   0x00000000   Code   RO         4848    .ARM.Collect$$rtentry$$00000009  c_w.l(__rtentry2.o)
    0x08000368   0x08000368   0x00000004   Code   RO         4849    .ARM.Collect$$rtentry$$0000000A  c_w.l(__rtentry2.o)
    0x0800036c   0x0800036c   0x00000000   Code   RO         4851    .ARM.Collect$$rtentry$$0000000C  c_w.l(__rtentry2.o)
    0x0800036c   0x0800036c   0x00000008   Code   RO         4852    .ARM.Collect$$rtentry$$0000000D  c_w.l(__rtentry2.o)
    0x08000374   0x08000374   0x00000002   Code   RO         4881    .ARM.Collect$$rtexit$$00000000  c_w.l(rtexit.o)
    0x08000376   0x08000376   0x00000000   Code   RO         4937    .ARM.Collect$$rtexit$$00000002  c_w.l(rtexit2.o)
    0x08000376   0x08000376   0x00000004   Code   RO         4938    .ARM.Collect$$rtexit$$00000003  c_w.l(rtexit2.o)
    0x0800037a   0x0800037a   0x00000006   Code   RO         4939    .ARM.Collect$$rtexit$$00000004  c_w.l(rtexit2.o)
    0x08000380   0x08000380   0x00000040   Code   RO            4    .text               startup_stm32h723xx.o
    0x080003c0   0x080003c0   0x000000ee   Code   RO         4779    .text               c_w.l(lludivv7m.o)
    0x080004ae   0x080004ae   0x00000002   PAD
    0x080004b0   0x080004b0   0x00000034   Code   RO         4783    .text               c_w.l(noretval__2snprintf.o)
    0x080004e4   0x080004e4   0x00000068   Code   RO         4785    .text               c_w.l(__printf.o)
    0x0800054c   0x0800054c   0x00000052   Code   RO         4787    .text               c_w.l(_printf_str.o)
    0x0800059e   0x0800059e   0x00000002   PAD
    0x080005a0   0x080005a0   0x00000078   Code   RO         4789    .text               c_w.l(_printf_dec.o)
    0x08000618   0x08000618   0x00000024   Code   RO         4815    .text               c_w.l(strstr.o)
    0x0800063c   0x0800063c   0x0000003e   Code   RO         4817    .text               c_w.l(strlen.o)
    0x0800067a   0x0800067a   0x0000004e   Code   RO         4819    .text               c_w.l(rt_memclr_w.o)
    0x080006c8   0x080006c8   0x00000056   Code   RO         4821    .text               c_w.l(strncpy.o)
    0x0800071e   0x0800071e   0x00000006   Code   RO         4823    .text               c_w.l(heapauxi.o)
    0x08000724   0x08000724   0x000000b2   Code   RO         4832    .text               c_w.l(_printf_intcommon.o)
    0x080007d6   0x080007d6   0x00000002   PAD
    0x080007d8   0x080007d8   0x00000030   Code   RO         4834    .text               c_w.l(_printf_char_common.o)
    0x08000808   0x08000808   0x0000000a   Code   RO         4836    .text               c_w.l(_sputc.o)
    0x08000812   0x08000812   0x00000010   Code   RO         4838    .text               c_w.l(_snputc.o)
    0x08000822   0x08000822   0x0000002c   Code   RO         4840    .text               c_w.l(_printf_char.o)
    0x0800084e   0x0800084e   0x00000044   Code   RO         4843    .text               c_w.l(rt_memclr.o)
    0x08000892   0x08000892   0x0000004a   Code   RO         4864    .text               c_w.l(sys_stackheap_outer.o)
    0x080008dc   0x080008dc   0x00000012   Code   RO         4866    .text               c_w.l(exit.o)
    0x080008ee   0x080008ee   0x00000002   PAD
    0x080008f0   0x080008f0   0x00000008   Code   RO         4878    .text               c_w.l(libspace.o)
    0x080008f8   0x080008f8   0x0000000c   Code   RO         4934    .text               c_w.l(sys_exit.o)
    0x08000904   0x08000904   0x00000002   Code   RO         4953    .text               c_w.l(use_no_semi.o)
    0x08000906   0x08000906   0x00000000   Code   RO         4955    .text               c_w.l(indicate_semi.o)
    0x08000906   0x08000906   0x00000002   Code   RO          654    i.BusFault_Handler  stm32h7xx_it.o
    0x08000908   0x08000908   0x00000020   Code   RO          301    i.DHT_GPIO_SET_INPUT  dht11.o
    0x08000928   0x08000928   0x00000020   Code   RO          302    i.DHT_GPIO_SET_OUTPUT  dht11.o
    0x08000948   0x08000948   0x000000b4   Code   RO          303    i.DHT_Read          dht11.o
    0x080009fc   0x080009fc   0x0000007c   Code   RO          304    i.DHT_Read_Byte     dht11.o
    0x08000a78   0x08000a78   0x00000002   Code   RO          655    i.DebugMon_Handler  stm32h7xx_it.o
    0x08000a7a   0x08000a7a   0x00000002   PAD
    0x08000a7c   0x08000a7c   0x00000030   Code   RO          305    i.Delay_us          dht11.o
    0x08000aac   0x08000aac   0x0000004c   Code   RO          354    i.ESP_AT_CWJAP      mqtt.o
    0x08000af8   0x08000af8   0x00000020   Code   RO          355    i.ESP_AT_CWMODE     mqtt.o
    0x08000b18   0x08000b18   0x00000044   Code   RO          356    i.ESP_AT_MQTTCONN   mqtt.o
    0x08000b5c   0x08000b5c   0x00000058   Code   RO          357    i.ESP_AT_MQTTPUB    mqtt.o
    0x08000bb4   0x08000bb4   0x00000064   Code   RO          359    i.ESP_AT_MQTTUSERCFG  mqtt.o
    0x08000c18   0x08000c18   0x00000020   Code   RO          360    i.ESP_AT_RST        mqtt.o
    0x08000c38   0x08000c38   0x00000004   Code   RO          449    i.Error_Handler     main.o
    0x08000c3c   0x08000c3c   0x00000360   Code   RO         2569    i.HAL_DMA_Abort     stm32h7xx_hal_dma.o
    0x08000f9c   0x08000f9c   0x00000284   Code   RO         2570    i.HAL_DMA_Abort_IT  stm32h7xx_hal_dma.o
    0x08001220   0x08001220   0x00000024   Code   RO         3266    i.HAL_Delay         stm32h7xx_hal.o
    0x08001244   0x08001244   0x0000021c   Code   RO         2417    i.HAL_GPIO_Init     stm32h7xx_hal_gpio.o
    0x08001460   0x08001460   0x0000000a   Code   RO         2419    i.HAL_GPIO_ReadPin  stm32h7xx_hal_gpio.o
    0x0800146a   0x0800146a   0x0000000a   Code   RO         2421    i.HAL_GPIO_WritePin  stm32h7xx_hal_gpio.o
    0x08001474   0x08001474   0x0000000c   Code   RO         3282    i.HAL_GetTick       stm32h7xx_hal.o
    0x08001480   0x08001480   0x00000010   Code   RO         3288    i.HAL_IncTick       stm32h7xx_hal.o
    0x08001490   0x08001490   0x0000005c   Code   RO         3289    i.HAL_Init          stm32h7xx_hal.o
    0x080014ec   0x080014ec   0x00000040   Code   RO         3290    i.HAL_InitTick      stm32h7xx_hal.o
    0x0800152c   0x0800152c   0x0000005c   Code   RO          773    i.HAL_MPU_ConfigRegion  stm32h7xx_hal_cortex.o
    0x08001588   0x08001588   0x0000001c   Code   RO          774    i.HAL_MPU_Disable   stm32h7xx_hal_cortex.o
    0x080015a4   0x080015a4   0x00000024   Code   RO          776    i.HAL_MPU_Enable    stm32h7xx_hal_cortex.o
    0x080015c8   0x080015c8   0x0000001c   Code   RO          748    i.HAL_MspInit       stm32h7xx_hal_msp.o
    0x080015e4   0x080015e4   0x0000001a   Code   RO          780    i.HAL_NVIC_EnableIRQ  stm32h7xx_hal_cortex.o
    0x080015fe   0x080015fe   0x00000002   PAD
    0x08001600   0x08001600   0x00000040   Code   RO          786    i.HAL_NVIC_SetPriority  stm32h7xx_hal_cortex.o
    0x08001640   0x08001640   0x00000024   Code   RO          787    i.HAL_NVIC_SetPriorityGrouping  stm32h7xx_hal_cortex.o
    0x08001664   0x08001664   0x00000054   Code   RO         3018    i.HAL_PWREx_ConfigSupply  stm32h7xx_hal_pwr_ex.o
    0x080016b8   0x080016b8   0x00000024   Code   RO         2060    i.HAL_RCCEx_GetD3PCLK1Freq  stm32h7xx_hal_rcc_ex.o
    0x080016dc   0x080016dc   0x00000144   Code   RO         2062    i.HAL_RCCEx_GetPLL2ClockFreq  stm32h7xx_hal_rcc_ex.o
    0x08001820   0x08001820   0x00000144   Code   RO         2063    i.HAL_RCCEx_GetPLL3ClockFreq  stm32h7xx_hal_rcc_ex.o
    0x08001964   0x08001964   0x0000093a   Code   RO         2069    i.HAL_RCCEx_PeriphCLKConfig  stm32h7xx_hal_rcc_ex.o
    0x0800229e   0x0800229e   0x00000002   PAD
    0x080022a0   0x080022a0   0x0000025c   Code   RO         1945    i.HAL_RCC_ClockConfig  stm32h7xx_hal_rcc.o
    0x080024fc   0x080024fc   0x00000044   Code   RO         1950    i.HAL_RCC_GetHCLKFreq  stm32h7xx_hal_rcc.o
    0x08002540   0x08002540   0x00000024   Code   RO         1952    i.HAL_RCC_GetPCLK1Freq  stm32h7xx_hal_rcc.o
    0x08002564   0x08002564   0x00000024   Code   RO         1953    i.HAL_RCC_GetPCLK2Freq  stm32h7xx_hal_rcc.o
    0x08002588   0x08002588   0x00000138   Code   RO         1954    i.HAL_RCC_GetSysClockFreq  stm32h7xx_hal_rcc.o
    0x080026c0   0x080026c0   0x00000526   Code   RO         1957    i.HAL_RCC_OscConfig  stm32h7xx_hal_rcc.o
    0x08002be6   0x08002be6   0x00000026   Code   RO          791    i.HAL_SYSTICK_Config  stm32h7xx_hal_cortex.o
    0x08002c0c   0x08002c0c   0x000000a0   Code   RO         1645    i.HAL_TIMEx_ConfigBreakDeadTime  stm32h7xx_hal_tim_ex.o
    0x08002cac   0x08002cac   0x000000b8   Code   RO         1664    i.HAL_TIMEx_MasterConfigSynchronization  stm32h7xx_hal_tim_ex.o
    0x08002d64   0x08002d64   0x00000062   Code   RO          927    i.HAL_TIM_Base_Init  stm32h7xx_hal_tim.o
    0x08002dc6   0x08002dc6   0x00000002   PAD
    0x08002dc8   0x08002dc8   0x00000040   Code   RO          541    i.HAL_TIM_Base_MspInit  tim.o
    0x08002e08   0x08002e08   0x00000094   Code   RO          930    i.HAL_TIM_Base_Start  stm32h7xx_hal_tim.o
    0x08002e9c   0x08002e9c   0x00000026   Code   RO          933    i.HAL_TIM_Base_Stop  stm32h7xx_hal_tim.o
    0x08002ec2   0x08002ec2   0x00000002   PAD
    0x08002ec4   0x08002ec4   0x000000fc   Code   RO          936    i.HAL_TIM_ConfigClockSource  stm32h7xx_hal_tim.o
    0x08002fc0   0x08002fc0   0x00000054   Code   RO          542    i.HAL_TIM_MspPostInit  tim.o
    0x08003014   0x08003014   0x00000124   Code   RO          999    i.HAL_TIM_PWM_ConfigChannel  stm32h7xx_hal_tim.o
    0x08003138   0x08003138   0x00000062   Code   RO         1002    i.HAL_TIM_PWM_Init  stm32h7xx_hal_tim.o
    0x0800319a   0x0800319a   0x00000002   Code   RO         1004    i.HAL_TIM_PWM_MspInit  stm32h7xx_hal_tim.o
    0x0800319c   0x0800319c   0x00000124   Code   RO         1007    i.HAL_TIM_PWM_Start  stm32h7xx_hal_tim.o
    0x080032c0   0x080032c0   0x00000040   Code   RO         4625    i.HAL_UARTEx_DisableFifoMode  stm32h7xx_hal_uart_ex.o
    0x08003300   0x08003300   0x00000002   Code   RO         4214    i.HAL_UARTEx_RxEventCallback  stm32h7xx_hal_uart.o
    0x08003302   0x08003302   0x00000002   Code   RO         4633    i.HAL_UARTEx_RxFifoFullCallback  stm32h7xx_hal_uart_ex.o
    0x08003304   0x08003304   0x0000004c   Code   RO         4634    i.HAL_UARTEx_SetRxFifoThreshold  stm32h7xx_hal_uart_ex.o
    0x08003350   0x08003350   0x0000004c   Code   RO         4635    i.HAL_UARTEx_SetTxFifoThreshold  stm32h7xx_hal_uart_ex.o
    0x0800339c   0x0800339c   0x00000002   Code   RO         4637    i.HAL_UARTEx_TxFifoEmptyCallback  stm32h7xx_hal_uart_ex.o
    0x0800339e   0x0800339e   0x00000002   Code   RO         4638    i.HAL_UARTEx_WakeupCallback  stm32h7xx_hal_uart_ex.o
    0x080033a0   0x080033a0   0x00000002   Code   RO         4230    i.HAL_UART_ErrorCallback  stm32h7xx_hal_uart.o
    0x080033a2   0x080033a2   0x00000002   PAD
    0x080033a4   0x080033a4   0x00000388   Code   RO         4233    i.HAL_UART_IRQHandler  stm32h7xx_hal_uart.o
    0x0800372c   0x0800372c   0x0000006a   Code   RO         4234    i.HAL_UART_Init     stm32h7xx_hal_uart.o
    0x08003796   0x08003796   0x00000002   PAD
    0x08003798   0x08003798   0x000001e4   Code   RO          595    i.HAL_UART_MspInit  usart.o
    0x0800397c   0x0800397c   0x000000e8   Code   RO         4237    i.HAL_UART_Receive  stm32h7xx_hal_uart.o
    0x08003a64   0x08003a64   0x00000048   Code   RO         4239    i.HAL_UART_Receive_IT  stm32h7xx_hal_uart.o
    0x08003aac   0x08003aac   0x000000b4   Code   RO          450    i.HAL_UART_RxCpltCallback  main.o
    0x08003b60   0x08003b60   0x000000b0   Code   RO         4243    i.HAL_UART_Transmit  stm32h7xx_hal_uart.o
    0x08003c10   0x08003c10   0x00000002   Code   RO         4246    i.HAL_UART_TxCpltCallback  stm32h7xx_hal_uart.o
    0x08003c12   0x08003c12   0x00000002   Code   RO          656    i.HardFault_Handler  stm32h7xx_it.o
    0x08003c14   0x08003c14   0x00000088   Code   RO          362    i.MQTT_Init         mqtt.o
    0x08003c9c   0x08003c9c   0x00000004   Code   RO          363    i.MQTT_update       mqtt.o
    0x08003ca0   0x08003ca0   0x000000c0   Code   RO          516    i.MX_GPIO_Init      gpio.o
    0x08003d60   0x08003d60   0x000000e0   Code   RO          543    i.MX_TIM15_Init     tim.o
    0x08003e40   0x08003e40   0x0000006c   Code   RO          544    i.MX_TIM1_Init      tim.o
    0x08003eac   0x08003eac   0x00000068   Code   RO          596    i.MX_USART1_UART_Init  usart.o
    0x08003f14   0x08003f14   0x00000068   Code   RO          597    i.MX_USART2_UART_Init  usart.o
    0x08003f7c   0x08003f7c   0x00000068   Code   RO          598    i.MX_USART3_UART_Init  usart.o
    0x08003fe4   0x08003fe4   0x00000068   Code   RO          599    i.MX_USART6_UART_Init  usart.o
    0x0800404c   0x0800404c   0x00000002   Code   RO          657    i.MemManage_Handler  stm32h7xx_it.o
    0x0800404e   0x0800404e   0x00000002   Code   RO          658    i.NMI_Handler       stm32h7xx_it.o
    0x08004050   0x08004050   0x00000070   Code   RO          267    i.PID_1D            pid.o
    0x080040c0   0x080040c0   0x00000060   Code   RO          268    i.PID_2D            pid.o
    0x08004120   0x08004120   0x00000002   Code   RO          659    i.PendSV_Handler    stm32h7xx_it.o
    0x08004122   0x08004122   0x00000002   PAD
    0x08004124   0x08004124   0x00000010   Code   RO          231    i.Pump_ON           pump.o
    0x08004134   0x08004134   0x00000010   Code   RO          232    i.Pump_Off          pump.o
    0x08004144   0x08004144   0x00000120   Code   RO         2072    i.RCCEx_PLL2_Config  stm32h7xx_hal_rcc_ex.o
    0x08004264   0x08004264   0x00000120   Code   RO         2073    i.RCCEx_PLL3_Config  stm32h7xx_hal_rcc_ex.o
    0x08004384   0x08004384   0x00000002   Code   RO          660    i.SVC_Handler       stm32h7xx_it.o
    0x08004386   0x08004386   0x00000012   Code   RO          171    i.Servo_Compare     servo.o
    0x08004398   0x08004398   0x00000004   Code   RO          173    i.Servo_Start       servo.o
    0x0800439c   0x0800439c   0x00000014   Code   RO          174    i.Servo_turn_down   servo.o
    0x080043b0   0x080043b0   0x00000012   Code   RO          175    i.Servo_turn_left   servo.o
    0x080043c2   0x080043c2   0x00000012   Code   RO          176    i.Servo_turn_right  servo.o
    0x080043d4   0x080043d4   0x00000014   Code   RO          177    i.Servo_turn_up     servo.o
    0x080043e8   0x080043e8   0x00000004   Code   RO          661    i.SysTick_Handler   stm32h7xx_it.o
    0x080043ec   0x080043ec   0x00000098   Code   RO          451    i.SystemClock_Config  main.o
    0x08004484   0x08004484   0x000000c0   Code   RO         4744    i.SystemInit        system_stm32h7xx.o
    0x08004544   0x08004544   0x0000000c   Code   RO           13    i.TIM15_PWM_SetCompare1  pwm.o
    0x08004550   0x08004550   0x0000000c   Code   RO           14    i.TIM15_PWM_SetCompare2  pwm.o
    0x0800455c   0x0800455c   0x0000001c   Code   RO           15    i.TIM15_PWM_Start   pwm.o
    0x08004578   0x08004578   0x000000e4   Code   RO         1020    i.TIM_Base_SetConfig  stm32h7xx_hal_tim.o
    0x0800465c   0x0800465c   0x0000001a   Code   RO         1021    i.TIM_CCxChannelCmd  stm32h7xx_hal_tim.o
    0x08004676   0x08004676   0x00000012   Code   RO         1031    i.TIM_ETR_SetConfig  stm32h7xx_hal_tim.o
    0x08004688   0x08004688   0x00000014   Code   RO         1032    i.TIM_ITRx_SetConfig  stm32h7xx_hal_tim.o
    0x0800469c   0x0800469c   0x000000a4   Code   RO         1033    i.TIM_OC1_SetConfig  stm32h7xx_hal_tim.o
    0x08004740   0x08004740   0x00000098   Code   RO         1034    i.TIM_OC2_SetConfig  stm32h7xx_hal_tim.o
    0x080047d8   0x080047d8   0x00000098   Code   RO         1035    i.TIM_OC3_SetConfig  stm32h7xx_hal_tim.o
    0x08004870   0x08004870   0x00000078   Code   RO         1036    i.TIM_OC4_SetConfig  stm32h7xx_hal_tim.o
    0x080048e8   0x080048e8   0x00000074   Code   RO         1037    i.TIM_OC5_SetConfig  stm32h7xx_hal_tim.o
    0x0800495c   0x0800495c   0x00000074   Code   RO         1038    i.TIM_OC6_SetConfig  stm32h7xx_hal_tim.o
    0x080049d0   0x080049d0   0x00000022   Code   RO         1040    i.TIM_TI1_ConfigInputStage  stm32h7xx_hal_tim.o
    0x080049f2   0x080049f2   0x00000024   Code   RO         1042    i.TIM_TI2_ConfigInputStage  stm32h7xx_hal_tim.o
    0x08004a16   0x08004a16   0x00000002   PAD
    0x08004a18   0x08004a18   0x00000044   Code   RO         4639    i.UARTEx_SetNbDataToProcess  stm32h7xx_hal_uart_ex.o
    0x08004a5c   0x08004a5c   0x000000c8   Code   RO         4248    i.UART_AdvFeatureConfig  stm32h7xx_hal_uart.o
    0x08004b24   0x08004b24   0x000000aa   Code   RO         4249    i.UART_CheckIdleState  stm32h7xx_hal_uart.o
    0x08004bce   0x08004bce   0x00000014   Code   RO         4250    i.UART_DMAAbortOnError  stm32h7xx_hal_uart.o
    0x08004be2   0x08004be2   0x00000002   PAD
    0x08004be4   0x08004be4   0x00000054   Code   RO         4260    i.UART_EndRxTransfer  stm32h7xx_hal_uart.o
    0x08004c38   0x08004c38   0x000000c8   Code   RO         4262    i.UART_RxISR_16BIT  stm32h7xx_hal_uart.o
    0x08004d00   0x08004d00   0x000001a0   Code   RO         4263    i.UART_RxISR_16BIT_FIFOEN  stm32h7xx_hal_uart.o
    0x08004ea0   0x08004ea0   0x000000c8   Code   RO         4264    i.UART_RxISR_8BIT   stm32h7xx_hal_uart.o
    0x08004f68   0x08004f68   0x000001a0   Code   RO         4265    i.UART_RxISR_8BIT_FIFOEN  stm32h7xx_hal_uart.o
    0x08005108   0x08005108   0x000003dc   Code   RO         4266    i.UART_SetConfig    stm32h7xx_hal_uart.o
    0x080054e4   0x080054e4   0x00000110   Code   RO         4268    i.UART_Start_Receive_IT  stm32h7xx_hal_uart.o
    0x080055f4   0x080055f4   0x00000094   Code   RO         4273    i.UART_WaitOnFlagUntilTimeout  stm32h7xx_hal_uart.o
    0x08005688   0x08005688   0x0000000c   Code   RO          662    i.USART2_IRQHandler  stm32h7xx_it.o
    0x08005694   0x08005694   0x0000000c   Code   RO          663    i.USART3_IRQHandler  stm32h7xx_it.o
    0x080056a0   0x080056a0   0x0000000c   Code   RO          664    i.USART6_IRQHandler  stm32h7xx_it.o
    0x080056ac   0x080056ac   0x00000002   Code   RO          665    i.UsageFault_Handler  stm32h7xx_it.o
    0x080056ae   0x080056ae   0x00000022   Code   RO          793    i.__NVIC_SetPriority  stm32h7xx_hal_cortex.o
    0x080056d0   0x080056d0   0x00000314   Code   RO          452    i.main              main.o
    0x080059e4   0x080059e4   0x0000008c   Code   RO          364    i.sendATCommand     mqtt.o
    0x08005a70   0x08005a70   0x0000000a   Code   RO         4949    x$fpl$fpinit        fz_wv.l(fpinit.o)
    0x08005a7a   0x08005a7a   0x00000018   Data   RO         4274    .constdata          stm32h7xx_hal_uart.o
    0x08005a92   0x08005a92   0x00000010   Data   RO         4640    .constdata          stm32h7xx_hal_uart_ex.o
    0x08005aa2   0x08005aa2   0x00000010   Data   RO         4745    .constdata          system_stm32h7xx.o
    0x08005ab2   0x08005ab2   0x00000002   PAD
    0x08005ab4   0x08005ab4   0x00000020   Data   RO         5005    Region$$Table       anon$$obj.o


    Execution Region RW_IRAM1 (Exec base: 0x20000000, Load base: 0x08005ad4, Size: 0x00000000, Max: 0x00020000, ABSOLUTE)

    **** No section assigned to this execution region ****


    Execution Region RW_IRAM2 (Exec base: 0x24000000, Load base: 0x08005ad4, Size: 0x00000a90, Max: 0x00050000, ABSOLUTE)

    Exec Addr    Load Addr    Size         Type   Attr      Idx    E Section Name        Object

    0x24000000   0x08005ad4   0x00000004   Data   RW          269    .data               pid.o
    0x24000004   0x08005ad8   0x00000005   Data   RW          306    .data               dht11.o
    0x24000009   0x08005add   0x00000001   PAD
    0x2400000a   0x08005ade   0x0000005e   Data   RW          454    .data               main.o
    0x24000068   0x08005b3c   0x0000000c   Data   RW         3313    .data               stm32h7xx_hal.o
    0x24000074   0x08005b48   0x00000008   Data   RW         4746    .data               system_stm32h7xx.o
    0x2400007c        -       0x000000c2   Zero   RW          365    .bss                mqtt.o
    0x2400013e        -       0x00000009   Zero   RW          453    .bss                main.o
    0x24000147   0x08005b50   0x00000001   PAD
    0x24000148        -       0x00000098   Zero   RW          545    .bss                tim.o
    0x240001e0        -       0x00000250   Zero   RW          600    .bss                usart.o
    0x24000430        -       0x00000060   Zero   RW         4879    .bss                c_w.l(libspace.o)
    0x24000490        -       0x00000200   Zero   RW            2    HEAP                startup_stm32h723xx.o
    0x24000690        -       0x00000400   Zero   RW            1    STACK               startup_stm32h723xx.o


==============================================================================

Image component sizes


      Code (inc. data)   RO Data    RW Data    ZI Data      Debug   Object Name

       416         24          0          5          0       4050   dht11.o
       192         14          0          0          0       1095   gpio.o
      1124        122          0         94          9       4879   main.o
       676        230          0          0        194       7488   mqtt.o
       208         16          0          4          0       2182   pid.o
        32         10          0          0          0        961   pump.o
        52         14          0          0          0    1185622   pwm.o
        98          0          0          0          0       3721   servo.o
        64         26        716          0       1536        864   startup_stm32h723xx.o
       220         40          0         12          0      23825   stm32h7xx_hal.o
       354         28          0          0          0      42077   stm32h7xx_hal_cortex.o
      1508         70          0          0          0       3983   stm32h7xx_hal_dma.o
       560         44          0          0          0       2979   stm32h7xx_hal_gpio.o
        28          6          0          0          0        878   stm32h7xx_hal_msp.o
        84          6          0          0          0        821   stm32h7xx_hal_pwr_ex.o
      2374        102          0          0          0       7236   stm32h7xx_hal_rcc.o
      3622        112          0          0          0       7921   stm32h7xx_hal_rcc_ex.o
      2402        296          0          0          0      16745   stm32h7xx_hal_tim.o
       344         48          0          0          0       2480   stm32h7xx_hal_tim_ex.o
      4610        202         24          0          0      39541   stm32h7xx_hal_uart.o
       290          6         16          0          0       5658   stm32h7xx_hal_uart_ex.o
        56         18          0          0          0       5954   stm32h7xx_it.o
       192         34         16          8          0       1466   system_stm32h7xx.o
       480         42          0          0        152       3415   tim.o
       900         76          0          0        592       4357   usart.o

    ----------------------------------------------------------------------
     20906       1586        806        124       2484    1380198   Object Totals
         0          0         32          0          0          0   (incl. Generated)
        20          0          2          1          1          0   (incl. Padding)

    ----------------------------------------------------------------------

      Code (inc. data)   RO Data    RW Data    ZI Data      Debug   Library Member Name

         8          0          0          0          0         68   __main.o
       104          0          0          0          0         84   __printf.o
         0          0          0          0          0          0   __rtentry.o
        12          0          0          0          0          0   __rtentry2.o
         6          0          0          0          0          0   __rtentry4.o
        52          8          0          0          0          0   __scatter.o
        26          0          0          0          0          0   __scatter_copy.o
        28          0          0          0          0          0   __scatter_zi.o
         6          0          0          0          0          0   _printf_c.o
        44          0          0          0          0        108   _printf_char.o
        48          6          0          0          0         96   _printf_char_common.o
         6          0          0          0          0          0   _printf_d.o
       120         16          0          0          0         92   _printf_dec.o
       178          0          0          0          0         88   _printf_intcommon.o
         0          0          0          0          0          0   _printf_percent.o
         4          0          0          0          0          0   _printf_percent_end.o
         6          0          0          0          0          0   _printf_s.o
        82          0          0          0          0         80   _printf_str.o
        16          0          0          0          0         68   _snputc.o
        10          0          0          0          0         68   _sputc.o
        18          0          0          0          0         80   exit.o
         6          0          0          0          0        152   heapauxi.o
         0          0          0          0          0          0   indicate_semi.o
         2          0          0          0          0          0   libinit.o
         6          0          0          0          0          0   libinit2.o
         2          0          0          0          0          0   libshutdown.o
         2          0          0          0          0          0   libshutdown2.o
         8          4          0          0         96         68   libspace.o
       238          0          0          0          0        100   lludivv7m.o
        52          4          0          0          0         84   noretval__2snprintf.o
        68          0          0          0          0         68   rt_memclr.o
        78          0          0          0          0         80   rt_memclr_w.o
         2          0          0          0          0          0   rtexit.o
        10          0          0          0          0          0   rtexit2.o
        62          0          0          0          0         76   strlen.o
        86          0          0          0          0         76   strncpy.o
        36          0          0          0          0         80   strstr.o
        12          4          0          0          0         68   sys_exit.o
        74          0          0          0          0         80   sys_stackheap_outer.o
         2          0          0          0          0         68   use_no_semi.o
        10          0          0          0          0        116   fpinit.o

    ----------------------------------------------------------------------
      1540         42          0          0         96       1948   Library Totals
        10          0          0          0          0          0   (incl. Padding)

    ----------------------------------------------------------------------

      Code (inc. data)   RO Data    RW Data    ZI Data      Debug   Library Name

      1520         42          0          0         96       1832   c_w.l
        10          0          0          0          0        116   fz_wv.l

    ----------------------------------------------------------------------
      1540         42          0          0         96       1948   Library Totals

    ----------------------------------------------------------------------

==============================================================================


      Code (inc. data)   RO Data    RW Data    ZI Data      Debug   

     22446       1628        806        124       2580    1368710   Grand Totals
     22446       1628        806        124       2580    1368710   ELF Image Totals
     22446       1628        806        124          0          0   ROM Totals

==============================================================================

    Total RO  Size (Code + RO Data)                23252 (  22.71kB)
    Total RW  Size (RW Data + ZI Data)              2704 (   2.64kB)
    Total ROM Size (Code + RO Data + RW Data)      23376 (  22.83kB)

==============================================================================

