<html>
<body>
<pre>
<h1>礦ision Build Log</h1>
<h2>Tool Versions:</h2>
IDE-Version: μVision V5.24.2.0
Copyright (C) 2017 ARM Ltd and ARM Germany GmbH. All rights reserved.
License Information: Zhixu Yue, @, LIC=9WSKC-7IEBS-127LE-5R5JB-3FT84-NAISP
 
Tool Versions:
Toolchain:       MDK-ARM Plus  Version: 5.24.1
Toolchain Path:  D:\keil5\ARM\ARMCC\Bin
C Compiler:      Armcc.exe V5.06 update 5 (build 528)
Assembler:       Armasm.exe V5.06 update 5 (build 528)
Linker/Locator:  ArmLink.exe V5.06 update 5 (build 528)
Library Manager: ArmAr.exe V5.06 update 5 (build 528)
Hex Converter:   FromElf.exe V5.06 update 5 (build 528)
CPU DLL:         SARMCM3.DLL V5.24.1
Dialog DLL:      DCM.DLL V1.16.0.0
Target DLL:      STLink\ST-LINKIII-KEIL_SWO.dll V3.0.1.0
Dialog DLL:      TCM.DLL V1.32.0.0
 
<h2>Project:</h2>
E:\学习\竞赛\嵌赛\智能灭火系统\SmartFireSys_Embedded2025\MDK-ARM\QS_Con_1.uvprojx
Project File Date:  07/20/2025

<h2>Output:</h2>
*** Using Compiler 'V5.06 update 5 (build 528)', folder: 'D:\keil5\ARM\ARMCC\Bin'
Rebuild target 'QS_Con_1'
assembling startup_stm32h723xx.s...
compiling tim.c...
compiling Servo.c...
compiling PWM.c...
..\Drivers\Hardware\PWM.c(19): warning:  #1-D: last line of file ends without a newline
      
..\Drivers\Hardware\PWM.c: 1 warning, 0 errors
compiling stm32h7xx_it.c...
compiling stm32h7xx_hal_cortex.c...
compiling Pump.c...
..\Drivers\Hardware\Pump.h(10): warning:  #1295-D: Deprecated declaration Pump_ON - give arg types
  void Pump_ON();
..\Drivers\Hardware\Pump.h(11): warning:  #1295-D: Deprecated declaration Pump_Off - give arg types
  void Pump_Off();
..\Drivers\Hardware\Pump.c: 2 warnings, 0 errors
compiling DHT11.c...
compiling MQTT.c...
compiling PID.c...
..\Drivers\Hardware\Pump.h(10): warning:  #1295-D: Deprecated declaration Pump_ON - give arg types
  void Pump_ON();
..\Drivers\Hardware\Pump.h(11): warning:  #1295-D: Deprecated declaration Pump_Off - give arg types
  void Pump_Off();
..\Drivers\Hardware\PID.c(137): warning:  #1-D: last line of file ends without a newline
  */
..\Drivers\Hardware\PID.c: 3 warnings, 0 errors
compiling gpio.c...
compiling usart.c...
compiling stm32h7xx_hal_msp.c...
compiling main.c...
../Drivers/Hardware/Servo.h(10): warning:  #1295-D: Deprecated declaration Servo_Start - give arg types
  void Servo_Start();
../Drivers/Hardware/Pump.h(10): warning:  #1295-D: Deprecated declaration Pump_ON - give arg types
  void Pump_ON();
../Drivers/Hardware/Pump.h(11): warning:  #1295-D: Deprecated declaration Pump_Off - give arg types
  void Pump_Off();
../Core/Src/main.c(263): warning:  #223-D: function "strlen" declared implicitly
  				HAL_UART_Transmit(&huart6, (uint8_t*)cmd, strlen(cmd), HAL_MAX_DELAY);
../Core/Src/main.c(258): warning:  #177-D: variable "humidity"  was declared but never referenced
  				uint8_t humidity = Data[0];
../Core/Src/main.c(259): warning:  #177-D: variable "temperature"  was declared but never referenced
  				uint8_t temperature = Data[2];
../Core/Src/main.c: 6 warnings, 0 errors
compiling stm32h7xx_hal_tim.c...
compiling stm32h7xx_hal_mdma.c...
compiling stm32h7xx_hal_flash_ex.c...
compiling stm32h7xx_hal_hsem.c...
compiling stm32h7xx_hal_pwr.c...
compiling stm32h7xx_hal_flash.c...
compiling stm32h7xx_hal.c...
compiling stm32h7xx_hal_gpio.c...
compiling stm32h7xx_hal_tim_ex.c...
compiling stm32h7xx_hal_rcc.c...
compiling stm32h7xx_hal_pwr_ex.c...
compiling stm32h7xx_hal_dma_ex.c...
compiling stm32h7xx_hal_i2c.c...
compiling stm32h7xx_hal_rcc_ex.c...
compiling stm32h7xx_hal_dma.c...
compiling stm32h7xx_hal_exti.c...
compiling stm32h7xx_hal_i2c_ex.c...
compiling system_stm32h7xx.c...
compiling stm32h7xx_hal_uart_ex.c...
compiling stm32h7xx_hal_uart.c...
linking...
Program Size: Code=22366 RO-data=806 RW-data=124 ZI-data=2580  
FromELF: creating hex file...
"QS_Con_1\QS_Con_1.axf" - 0 Error(s), 12 Warning(s).

<h2>Software Packages used:</h2>

Package Vendor: ARM
                http://www.keil.com/pack/ARM.CMSIS.5.0.1.pack
                ARM.CMSIS.5.0.1
                CMSIS (Cortex Microcontroller Software Interface Standard)
   * Component: CORE Version: 5.0.1

Package Vendor: Keil
                https://www.keil.com/pack/Keil.STM32H7xx_DFP.3.1.1.pack
                Keil.STM32H7xx_DFP.3.1.1
                STMicroelectronics STM32H7 Series Device Support and Examples

<h2>Collection of Component include folders:</h2>
  .\RTE\_QS_Con_1
  D:\keil5\ARM\PACK\ARM\CMSIS\5.0.1\CMSIS\Include
  D:\keil5\ARM\PACK\Keil\STM32H7xx_DFP\3.1.1\Drivers\CMSIS\Device\ST\STM32H7xx\Include

<h2>Collection of Component Files used:</h2>

   * Component: ARM::CMSIS:CORE:5.0.1
Build Time Elapsed:  00:00:26
</pre>
</body>
</html>
