<html>
<body>
<pre>
<h1>礦ision Build Log</h1>
<h2>Tool Versions:</h2>
IDE-Version: μVision V5.24.2.0
Copyright (C) 2017 ARM Ltd and ARM Germany GmbH. All rights reserved.
License Information: Zhixu Yue, @, LIC=9WSKC-7IEBS-127LE-5R5JB-3FT84-NAISP
 
Tool Versions:
Toolchain:       MDK-ARM Plus  Version: 5.24.1
Toolchain Path:  D:\keil5\ARM\ARMCC\Bin
C Compiler:      Armcc.exe V5.06 update 5 (build 528)
Assembler:       Armasm.exe V5.06 update 5 (build 528)
Linker/Locator:  ArmLink.exe V5.06 update 5 (build 528)
Library Manager: ArmAr.exe V5.06 update 5 (build 528)
Hex Converter:   FromElf.exe V5.06 update 5 (build 528)
CPU DLL:         SARMCM3.DLL V5.24.1
Dialog DLL:      DCM.DLL V1.16.0.0
Target DLL:      STLink\ST-LINKIII-KEIL_SWO.dll V3.0.1.0
Dialog DLL:      TCM.DLL V1.32.0.0
 
<h2>Project:</h2>
E:\学习\竞赛\嵌赛\智能灭火系统\SmartFireSys_Embedded2025\MDK-ARM\QS_Con_1.uvprojx
Project File Date:  07/19/2025

<h2>Output:</h2>
*** Using Compiler 'V5.06 update 5 (build 528)', folder: 'D:\keil5\ARM\ARMCC\Bin'
Build target 'QS_Con_1'
compiling main.c...
../Drivers/Hardware/Servo.h(10): warning:  #1295-D: Deprecated declaration Servo_Start - give arg types
  void Servo_Start();
../Drivers/Hardware/Pump.h(10): warning:  #1295-D: Deprecated declaration Pump_ON - give arg types
  void Pump_ON();
../Drivers/Hardware/Pump.h(11): warning:  #1295-D: Deprecated declaration Pump_Off - give arg types
  void Pump_Off();
../Core/Src/main.c(150): warning:  #223-D: function "strlen" declared implicitly
  				HAL_UART_Transmit(&huart6, (uint8_t*)cmd, strlen(cmd), HAL_MAX_DELAY);
../Core/Src/main.c(145): warning:  #177-D: variable "humidity"  was declared but never referenced
  				uint8_t humidity = Data[0];
../Core/Src/main.c(146): warning:  #177-D: variable "temperature"  was declared but never referenced
  				uint8_t temperature = Data[2];
../Core/Src/main.c: 6 warnings, 0 errors
linking...
Program Size: Code=20634 RO-data=806 RW-data=44 ZI-data=2244  
FromELF: creating hex file...
"QS_Con_1\QS_Con_1.axf" - 0 Error(s), 6 Warning(s).

<h2>Software Packages used:</h2>

Package Vendor: ARM
                http://www.keil.com/pack/ARM.CMSIS.5.0.1.pack
                ARM.CMSIS.5.0.1
                CMSIS (Cortex Microcontroller Software Interface Standard)
   * Component: CORE Version: 5.0.1

Package Vendor: Keil
                https://www.keil.com/pack/Keil.STM32H7xx_DFP.3.1.1.pack
                Keil.STM32H7xx_DFP.3.1.1
                STMicroelectronics STM32H7 Series Device Support and Examples

<h2>Collection of Component include folders:</h2>
  .\RTE\_QS_Con_1
  D:\keil5\ARM\PACK\ARM\CMSIS\5.0.1\CMSIS\Include
  D:\keil5\ARM\PACK\Keil\STM32H7xx_DFP\3.1.1\Drivers\CMSIS\Device\ST\STM32H7xx\Include

<h2>Collection of Component Files used:</h2>

   * Component: ARM::CMSIS:CORE:5.0.1
Build Time Elapsed:  00:00:04
</pre>
</body>
</html>
